// Jest Snapshot v1, https://goo.gl/fbAQLP

exports[`renders content with correct props 1`] = `
ShallowWrapper {
  Symbol(enzyme.__root__): [Circular],
  Symbol(enzyme.__unrendered__): <ConfirmationButton
    dialogMessage="message"
    disabled={false}
    label="test"
    onConfirm={
      [MockFunction] {
        "calls": Array [
          Array [],
        ],
        "results": Array [
          Object {
            "isThrow": false,
            "value": undefined,
          },
        ],
      }
    }
    tooltip="Delete"
  />,
  Symbol(enzyme.__renderer__): Object {
    "batchedUpdates": [Function],
    "getNode": [Function],
    "render": [Function],
    "simulateError": [Function],
    "simulateEvent": [Function],
    "unmount": [Function],
  },
  Symbol(enzyme.__node__): Object {
    "instance": null,
    "key": undefined,
    "nodeType": "host",
    "props": Object {
      "children": Array [
        <TooltipButton
          active={false}
          disabled={false}
          label="test"
          onClick={[Function]}
          tooltip="Delete"
        />,
        false,
      ],
    },
    "ref": null,
    "rendered": Array [
      Object {
        "instance": null,
        "key": undefined,
        "nodeType": "class",
        "props": Object {
          "active": false,
          "disabled": false,
          "label": "test",
          "onClick": [Function],
          "tooltip": "Delete",
        },
        "ref": null,
        "rendered": null,
        "type": [Function],
      },
      false,
    ],
    "type": "span",
  },
  Symbol(enzyme.__nodes__): Array [
    Object {
      "instance": null,
      "key": undefined,
      "nodeType": "host",
      "props": Object {
        "children": Array [
          <TooltipButton
            active={false}
            disabled={false}
            label="test"
            onClick={[Function]}
            tooltip="Delete"
          />,
          false,
        ],
      },
      "ref": null,
      "rendered": Array [
        Object {
          "instance": null,
          "key": undefined,
          "nodeType": "class",
          "props": Object {
            "active": false,
            "disabled": false,
            "label": "test",
            "onClick": [Function],
            "tooltip": "Delete",
          },
          "ref": null,
          "rendered": null,
          "type": [Function],
        },
        false,
      ],
      "type": "span",
    },
  ],
  Symbol(enzyme.__options__): Object {
    "adapter": ReactSixteenAdapter {
      "options": Object {
        "enableComponentDidUpdateOnSetState": true,
        "lifecycles": Object {
          "componentDidUpdate": Object {
            "onSetState": true,
          },
          "getDerivedStateFromProps": true,
          "getSnapshotBeforeUpdate": true,
          "setState": Object {
            "skipsComponentDidUpdateOnNullish": true,
          },
        },
      },
    },
  },
}
`;
