// Jest Snapshot v1, https://goo.gl/fbAQLP

exports[`renders content with correct props 1`] = `
<div
  className="text-right row"
>
  <div
    className="col-md-12"
  >
    <hr />
    <button
      onClick={[Function]}
      type="button"
    />
    <button
      aria-label={null}
      className="mr-2 btn btn-primary"
      disabled={false}
      onClick={[Function]}
      type="button"
    >
      Pokračovat
    </button>
    <button
      aria-label={null}
      className="btn btn-secondary"
      onClick={[Function]}
      type="button"
    >
      Zrušit
    </button>
  </div>
</div>
`;
