// Jest Snapshot v1, https://goo.gl/fbAQLP

exports[`renders content correctly 1`] = `
<button
  className="btn btn-link navbar-btn"
  onClick={[Function]}
  title="Změnit jazyk na angličtinu"
  type="button"
>
  <span
    className="glyphicon glyphicon-globe"
  />
   
  EN
</button>
`;
