// Jest Snapshot v1, https://goo.gl/fbAQLP

exports[`renders content with correct props 1`] = `
ShallowWrapper {
  Symbol(enzyme.__root__): [Circular],
  Symbol(enzyme.__unrendered__): <CalendarToolbar
    leftAction={[MockFunction]}
    leftDisabled={false}
    month="test"
    monthActive={true}
    onViewChange={
      [MockFunction] {
        "calls": Array [
          Array [
            "work_week",
          ],
          Array [
            "month",
          ],
        ],
        "results": Array [
          Object {
            "isThrow": false,
            "value": "work_week",
          },
          Object {
            "isThrow": false,
            "value": "month",
          },
        ],
      }
    }
    rightAction={[MockFunction]}
    rightDisabled={true}
  />,
  Symbol(enzyme.__renderer__): Object {
    "batchedUpdates": [Function],
    "getNode": [Function],
    "render": [Function],
    "simulateError": [Function],
    "simulateEvent": [Function],
    "unmount": [Function],
  },
  Symbol(enzyme.__node__): Object {
    "instance": null,
    "key": undefined,
    "nodeType": "host",
    "props": Object {
      "children": Array [
        <Row
          tag="div"
        >
          <Col
            className="text-center"
            md="12"
            tag="div"
            widths={
              Array [
                "xs",
                "sm",
                "md",
                "lg",
                "xl",
              ]
            }
          >
            <strong>
              test
            </strong>
          </Col>
        </Row>,
        <Row
          className="mb-3"
          tag="div"
        >
          <Col
            md="1"
            tag="div"
            widths={
              Array [
                "xs",
                "sm",
                "md",
                "lg",
                "xl",
              ]
            }
          >
            <TooltipIconButton
              disabled={false}
              icon="chevron-circle-left"
              onClick={[MockFunction]}
              size="md"
              style={
                Object {
                  "border": "0px solid transparent",
                }
              }
              tooltip="Předchozí měsíc"
            />
          </Col>
          <Col
            className="text-center"
            md="10"
            tag="div"
            widths={
              Array [
                "xs",
                "sm",
                "md",
                "lg",
                "xl",
              ]
            }
          >
            <ButtonGroup
              role="group"
              tag="div"
            >
              <Button
                active={false}
                className="ml-2"
                color="secondary"
                id="Tooltip1"
                onClick={[Function]}
                outline={true}
                tag="button"
              >
                Týden
              </Button>
              <Button
                active={true}
                color="secondary"
                id="Tooltip2"
                onClick={[Function]}
                outline={true}
                tag="button"
              >
                Měsíc
              </Button>
            </ButtonGroup>
            <TooltipGroup
              labels={
                Array [
                  "Zobrazit po týdnech",
                  "Zobrazit po měsících",
                ]
              }
              targets={
                Array [
                  "Tooltip1",
                  "Tooltip2",
                ]
              }
            />
          </Col>
          <Col
            className="text-right"
            md="1"
            tag="div"
            widths={
              Array [
                "xs",
                "sm",
                "md",
                "lg",
                "xl",
              ]
            }
          >
            <TooltipIconButton
              disabled={true}
              icon="chevron-circle-right"
              onClick={[MockFunction]}
              size="md"
              style={
                Object {
                  "border": "0px solid transparent",
                }
              }
              tooltip="Další měsíc"
            />
          </Col>
        </Row>,
      ],
    },
    "ref": null,
    "rendered": Array [
      Object {
        "instance": null,
        "key": undefined,
        "nodeType": "function",
        "props": Object {
          "children": <Col
            className="text-center"
            md="12"
            tag="div"
            widths={
              Array [
                "xs",
                "sm",
                "md",
                "lg",
                "xl",
              ]
            }
          >
            <strong>
              test
            </strong>
          </Col>,
          "tag": "div",
        },
        "ref": null,
        "rendered": Object {
          "instance": null,
          "key": undefined,
          "nodeType": "function",
          "props": Object {
            "children": <strong>
              test
            </strong>,
            "className": "text-center",
            "md": "12",
            "tag": "div",
            "widths": Array [
              "xs",
              "sm",
              "md",
              "lg",
              "xl",
            ],
          },
          "ref": null,
          "rendered": Object {
            "instance": null,
            "key": undefined,
            "nodeType": "host",
            "props": Object {
              "children": "test",
            },
            "ref": null,
            "rendered": "test",
            "type": "strong",
          },
          "type": [Function],
        },
        "type": [Function],
      },
      Object {
        "instance": null,
        "key": undefined,
        "nodeType": "function",
        "props": Object {
          "children": Array [
            <Col
              md="1"
              tag="div"
              widths={
                Array [
                  "xs",
                  "sm",
                  "md",
                  "lg",
                  "xl",
                ]
              }
            >
              <TooltipIconButton
                disabled={false}
                icon="chevron-circle-left"
                onClick={[MockFunction]}
                size="md"
                style={
                  Object {
                    "border": "0px solid transparent",
                  }
                }
                tooltip="Předchozí měsíc"
              />
            </Col>,
            <Col
              className="text-center"
              md="10"
              tag="div"
              widths={
                Array [
                  "xs",
                  "sm",
                  "md",
                  "lg",
                  "xl",
                ]
              }
            >
              <ButtonGroup
                role="group"
                tag="div"
              >
                <Button
                  active={false}
                  className="ml-2"
                  color="secondary"
                  id="Tooltip1"
                  onClick={[Function]}
                  outline={true}
                  tag="button"
                >
                  Týden
                </Button>
                <Button
                  active={true}
                  color="secondary"
                  id="Tooltip2"
                  onClick={[Function]}
                  outline={true}
                  tag="button"
                >
                  Měsíc
                </Button>
              </ButtonGroup>
              <TooltipGroup
                labels={
                  Array [
                    "Zobrazit po týdnech",
                    "Zobrazit po měsících",
                  ]
                }
                targets={
                  Array [
                    "Tooltip1",
                    "Tooltip2",
                  ]
                }
              />
            </Col>,
            <Col
              className="text-right"
              md="1"
              tag="div"
              widths={
                Array [
                  "xs",
                  "sm",
                  "md",
                  "lg",
                  "xl",
                ]
              }
            >
              <TooltipIconButton
                disabled={true}
                icon="chevron-circle-right"
                onClick={[MockFunction]}
                size="md"
                style={
                  Object {
                    "border": "0px solid transparent",
                  }
                }
                tooltip="Další měsíc"
              />
            </Col>,
          ],
          "className": "mb-3",
          "tag": "div",
        },
        "ref": null,
        "rendered": Array [
          Object {
            "instance": null,
            "key": undefined,
            "nodeType": "function",
            "props": Object {
              "children": <TooltipIconButton
                disabled={false}
                icon="chevron-circle-left"
                onClick={[MockFunction]}
                size="md"
                style={
                  Object {
                    "border": "0px solid transparent",
                  }
                }
                tooltip="Předchozí měsíc"
              />,
              "md": "1",
              "tag": "div",
              "widths": Array [
                "xs",
                "sm",
                "md",
                "lg",
                "xl",
              ],
            },
            "ref": null,
            "rendered": Object {
              "instance": null,
              "key": undefined,
              "nodeType": "class",
              "props": Object {
                "disabled": false,
                "icon": "chevron-circle-left",
                "onClick": [MockFunction],
                "size": "md",
                "style": Object {
                  "border": "0px solid transparent",
                },
                "tooltip": "Předchozí měsíc",
              },
              "ref": null,
              "rendered": null,
              "type": [Function],
            },
            "type": [Function],
          },
          Object {
            "instance": null,
            "key": undefined,
            "nodeType": "function",
            "props": Object {
              "children": Array [
                <ButtonGroup
                  role="group"
                  tag="div"
                >
                  <Button
                    active={false}
                    className="ml-2"
                    color="secondary"
                    id="Tooltip1"
                    onClick={[Function]}
                    outline={true}
                    tag="button"
                  >
                    Týden
                  </Button>
                  <Button
                    active={true}
                    color="secondary"
                    id="Tooltip2"
                    onClick={[Function]}
                    outline={true}
                    tag="button"
                  >
                    Měsíc
                  </Button>
                </ButtonGroup>,
                <TooltipGroup
                  labels={
                    Array [
                      "Zobrazit po týdnech",
                      "Zobrazit po měsících",
                    ]
                  }
                  targets={
                    Array [
                      "Tooltip1",
                      "Tooltip2",
                    ]
                  }
                />,
              ],
              "className": "text-center",
              "md": "10",
              "tag": "div",
              "widths": Array [
                "xs",
                "sm",
                "md",
                "lg",
                "xl",
              ],
            },
            "ref": null,
            "rendered": Array [
              Object {
                "instance": null,
                "key": undefined,
                "nodeType": "function",
                "props": Object {
                  "children": Array [
                    <Button
                      active={false}
                      className="ml-2"
                      color="secondary"
                      id="Tooltip1"
                      onClick={[Function]}
                      outline={true}
                      tag="button"
                    >
                      Týden
                    </Button>,
                    <Button
                      active={true}
                      color="secondary"
                      id="Tooltip2"
                      onClick={[Function]}
                      outline={true}
                      tag="button"
                    >
                      Měsíc
                    </Button>,
                  ],
                  "role": "group",
                  "tag": "div",
                },
                "ref": null,
                "rendered": Array [
                  Object {
                    "instance": null,
                    "key": undefined,
                    "nodeType": "class",
                    "props": Object {
                      "active": false,
                      "children": "Týden",
                      "className": "ml-2",
                      "color": "secondary",
                      "id": "Tooltip1",
                      "onClick": [Function],
                      "outline": true,
                      "tag": "button",
                    },
                    "ref": null,
                    "rendered": "Týden",
                    "type": [Function],
                  },
                  Object {
                    "instance": null,
                    "key": undefined,
                    "nodeType": "class",
                    "props": Object {
                      "active": true,
                      "children": "Měsíc",
                      "color": "secondary",
                      "id": "Tooltip2",
                      "onClick": [Function],
                      "outline": true,
                      "tag": "button",
                    },
                    "ref": null,
                    "rendered": "Měsíc",
                    "type": [Function],
                  },
                ],
                "type": [Function],
              },
              Object {
                "instance": null,
                "key": undefined,
                "nodeType": "class",
                "props": Object {
                  "labels": Array [
                    "Zobrazit po týdnech",
                    "Zobrazit po měsících",
                  ],
                  "targets": Array [
                    "Tooltip1",
                    "Tooltip2",
                  ],
                },
                "ref": null,
                "rendered": null,
                "type": [Function],
              },
            ],
            "type": [Function],
          },
          Object {
            "instance": null,
            "key": undefined,
            "nodeType": "function",
            "props": Object {
              "children": <TooltipIconButton
                disabled={true}
                icon="chevron-circle-right"
                onClick={[MockFunction]}
                size="md"
                style={
                  Object {
                    "border": "0px solid transparent",
                  }
                }
                tooltip="Další měsíc"
              />,
              "className": "text-right",
              "md": "1",
              "tag": "div",
              "widths": Array [
                "xs",
                "sm",
                "md",
                "lg",
                "xl",
              ],
            },
            "ref": null,
            "rendered": Object {
              "instance": null,
              "key": undefined,
              "nodeType": "class",
              "props": Object {
                "disabled": true,
                "icon": "chevron-circle-right",
                "onClick": [MockFunction],
                "size": "md",
                "style": Object {
                  "border": "0px solid transparent",
                },
                "tooltip": "Další měsíc",
              },
              "ref": null,
              "rendered": null,
              "type": [Function],
            },
            "type": [Function],
          },
        ],
        "type": [Function],
      },
    ],
    "type": "div",
  },
  Symbol(enzyme.__nodes__): Array [
    Object {
      "instance": null,
      "key": undefined,
      "nodeType": "host",
      "props": Object {
        "children": Array [
          <Row
            tag="div"
          >
            <Col
              className="text-center"
              md="12"
              tag="div"
              widths={
                Array [
                  "xs",
                  "sm",
                  "md",
                  "lg",
                  "xl",
                ]
              }
            >
              <strong>
                test
              </strong>
            </Col>
          </Row>,
          <Row
            className="mb-3"
            tag="div"
          >
            <Col
              md="1"
              tag="div"
              widths={
                Array [
                  "xs",
                  "sm",
                  "md",
                  "lg",
                  "xl",
                ]
              }
            >
              <TooltipIconButton
                disabled={false}
                icon="chevron-circle-left"
                onClick={[MockFunction]}
                size="md"
                style={
                  Object {
                    "border": "0px solid transparent",
                  }
                }
                tooltip="Předchozí měsíc"
              />
            </Col>
            <Col
              className="text-center"
              md="10"
              tag="div"
              widths={
                Array [
                  "xs",
                  "sm",
                  "md",
                  "lg",
                  "xl",
                ]
              }
            >
              <ButtonGroup
                role="group"
                tag="div"
              >
                <Button
                  active={false}
                  className="ml-2"
                  color="secondary"
                  id="Tooltip1"
                  onClick={[Function]}
                  outline={true}
                  tag="button"
                >
                  Týden
                </Button>
                <Button
                  active={true}
                  color="secondary"
                  id="Tooltip2"
                  onClick={[Function]}
                  outline={true}
                  tag="button"
                >
                  Měsíc
                </Button>
              </ButtonGroup>
              <TooltipGroup
                labels={
                  Array [
                    "Zobrazit po týdnech",
                    "Zobrazit po měsících",
                  ]
                }
                targets={
                  Array [
                    "Tooltip1",
                    "Tooltip2",
                  ]
                }
              />
            </Col>
            <Col
              className="text-right"
              md="1"
              tag="div"
              widths={
                Array [
                  "xs",
                  "sm",
                  "md",
                  "lg",
                  "xl",
                ]
              }
            >
              <TooltipIconButton
                disabled={true}
                icon="chevron-circle-right"
                onClick={[MockFunction]}
                size="md"
                style={
                  Object {
                    "border": "0px solid transparent",
                  }
                }
                tooltip="Další měsíc"
              />
            </Col>
          </Row>,
        ],
      },
      "ref": null,
      "rendered": Array [
        Object {
          "instance": null,
          "key": undefined,
          "nodeType": "function",
          "props": Object {
            "children": <Col
              className="text-center"
              md="12"
              tag="div"
              widths={
                Array [
                  "xs",
                  "sm",
                  "md",
                  "lg",
                  "xl",
                ]
              }
            >
              <strong>
                test
              </strong>
            </Col>,
            "tag": "div",
          },
          "ref": null,
          "rendered": Object {
            "instance": null,
            "key": undefined,
            "nodeType": "function",
            "props": Object {
              "children": <strong>
                test
              </strong>,
              "className": "text-center",
              "md": "12",
              "tag": "div",
              "widths": Array [
                "xs",
                "sm",
                "md",
                "lg",
                "xl",
              ],
            },
            "ref": null,
            "rendered": Object {
              "instance": null,
              "key": undefined,
              "nodeType": "host",
              "props": Object {
                "children": "test",
              },
              "ref": null,
              "rendered": "test",
              "type": "strong",
            },
            "type": [Function],
          },
          "type": [Function],
        },
        Object {
          "instance": null,
          "key": undefined,
          "nodeType": "function",
          "props": Object {
            "children": Array [
              <Col
                md="1"
                tag="div"
                widths={
                  Array [
                    "xs",
                    "sm",
                    "md",
                    "lg",
                    "xl",
                  ]
                }
              >
                <TooltipIconButton
                  disabled={false}
                  icon="chevron-circle-left"
                  onClick={[MockFunction]}
                  size="md"
                  style={
                    Object {
                      "border": "0px solid transparent",
                    }
                  }
                  tooltip="Předchozí měsíc"
                />
              </Col>,
              <Col
                className="text-center"
                md="10"
                tag="div"
                widths={
                  Array [
                    "xs",
                    "sm",
                    "md",
                    "lg",
                    "xl",
                  ]
                }
              >
                <ButtonGroup
                  role="group"
                  tag="div"
                >
                  <Button
                    active={false}
                    className="ml-2"
                    color="secondary"
                    id="Tooltip1"
                    onClick={[Function]}
                    outline={true}
                    tag="button"
                  >
                    Týden
                  </Button>
                  <Button
                    active={true}
                    color="secondary"
                    id="Tooltip2"
                    onClick={[Function]}
                    outline={true}
                    tag="button"
                  >
                    Měsíc
                  </Button>
                </ButtonGroup>
                <TooltipGroup
                  labels={
                    Array [
                      "Zobrazit po týdnech",
                      "Zobrazit po měsících",
                    ]
                  }
                  targets={
                    Array [
                      "Tooltip1",
                      "Tooltip2",
                    ]
                  }
                />
              </Col>,
              <Col
                className="text-right"
                md="1"
                tag="div"
                widths={
                  Array [
                    "xs",
                    "sm",
                    "md",
                    "lg",
                    "xl",
                  ]
                }
              >
                <TooltipIconButton
                  disabled={true}
                  icon="chevron-circle-right"
                  onClick={[MockFunction]}
                  size="md"
                  style={
                    Object {
                      "border": "0px solid transparent",
                    }
                  }
                  tooltip="Další měsíc"
                />
              </Col>,
            ],
            "className": "mb-3",
            "tag": "div",
          },
          "ref": null,
          "rendered": Array [
            Object {
              "instance": null,
              "key": undefined,
              "nodeType": "function",
              "props": Object {
                "children": <TooltipIconButton
                  disabled={false}
                  icon="chevron-circle-left"
                  onClick={[MockFunction]}
                  size="md"
                  style={
                    Object {
                      "border": "0px solid transparent",
                    }
                  }
                  tooltip="Předchozí měsíc"
                />,
                "md": "1",
                "tag": "div",
                "widths": Array [
                  "xs",
                  "sm",
                  "md",
                  "lg",
                  "xl",
                ],
              },
              "ref": null,
              "rendered": Object {
                "instance": null,
                "key": undefined,
                "nodeType": "class",
                "props": Object {
                  "disabled": false,
                  "icon": "chevron-circle-left",
                  "onClick": [MockFunction],
                  "size": "md",
                  "style": Object {
                    "border": "0px solid transparent",
                  },
                  "tooltip": "Předchozí měsíc",
                },
                "ref": null,
                "rendered": null,
                "type": [Function],
              },
              "type": [Function],
            },
            Object {
              "instance": null,
              "key": undefined,
              "nodeType": "function",
              "props": Object {
                "children": Array [
                  <ButtonGroup
                    role="group"
                    tag="div"
                  >
                    <Button
                      active={false}
                      className="ml-2"
                      color="secondary"
                      id="Tooltip1"
                      onClick={[Function]}
                      outline={true}
                      tag="button"
                    >
                      Týden
                    </Button>
                    <Button
                      active={true}
                      color="secondary"
                      id="Tooltip2"
                      onClick={[Function]}
                      outline={true}
                      tag="button"
                    >
                      Měsíc
                    </Button>
                  </ButtonGroup>,
                  <TooltipGroup
                    labels={
                      Array [
                        "Zobrazit po týdnech",
                        "Zobrazit po měsících",
                      ]
                    }
                    targets={
                      Array [
                        "Tooltip1",
                        "Tooltip2",
                      ]
                    }
                  />,
                ],
                "className": "text-center",
                "md": "10",
                "tag": "div",
                "widths": Array [
                  "xs",
                  "sm",
                  "md",
                  "lg",
                  "xl",
                ],
              },
              "ref": null,
              "rendered": Array [
                Object {
                  "instance": null,
                  "key": undefined,
                  "nodeType": "function",
                  "props": Object {
                    "children": Array [
                      <Button
                        active={false}
                        className="ml-2"
                        color="secondary"
                        id="Tooltip1"
                        onClick={[Function]}
                        outline={true}
                        tag="button"
                      >
                        Týden
                      </Button>,
                      <Button
                        active={true}
                        color="secondary"
                        id="Tooltip2"
                        onClick={[Function]}
                        outline={true}
                        tag="button"
                      >
                        Měsíc
                      </Button>,
                    ],
                    "role": "group",
                    "tag": "div",
                  },
                  "ref": null,
                  "rendered": Array [
                    Object {
                      "instance": null,
                      "key": undefined,
                      "nodeType": "class",
                      "props": Object {
                        "active": false,
                        "children": "Týden",
                        "className": "ml-2",
                        "color": "secondary",
                        "id": "Tooltip1",
                        "onClick": [Function],
                        "outline": true,
                        "tag": "button",
                      },
                      "ref": null,
                      "rendered": "Týden",
                      "type": [Function],
                    },
                    Object {
                      "instance": null,
                      "key": undefined,
                      "nodeType": "class",
                      "props": Object {
                        "active": true,
                        "children": "Měsíc",
                        "color": "secondary",
                        "id": "Tooltip2",
                        "onClick": [Function],
                        "outline": true,
                        "tag": "button",
                      },
                      "ref": null,
                      "rendered": "Měsíc",
                      "type": [Function],
                    },
                  ],
                  "type": [Function],
                },
                Object {
                  "instance": null,
                  "key": undefined,
                  "nodeType": "class",
                  "props": Object {
                    "labels": Array [
                      "Zobrazit po týdnech",
                      "Zobrazit po měsících",
                    ],
                    "targets": Array [
                      "Tooltip1",
                      "Tooltip2",
                    ],
                  },
                  "ref": null,
                  "rendered": null,
                  "type": [Function],
                },
              ],
              "type": [Function],
            },
            Object {
              "instance": null,
              "key": undefined,
              "nodeType": "function",
              "props": Object {
                "children": <TooltipIconButton
                  disabled={true}
                  icon="chevron-circle-right"
                  onClick={[MockFunction]}
                  size="md"
                  style={
                    Object {
                      "border": "0px solid transparent",
                    }
                  }
                  tooltip="Další měsíc"
                />,
                "className": "text-right",
                "md": "1",
                "tag": "div",
                "widths": Array [
                  "xs",
                  "sm",
                  "md",
                  "lg",
                  "xl",
                ],
              },
              "ref": null,
              "rendered": Object {
                "instance": null,
                "key": undefined,
                "nodeType": "class",
                "props": Object {
                  "disabled": true,
                  "icon": "chevron-circle-right",
                  "onClick": [MockFunction],
                  "size": "md",
                  "style": Object {
                    "border": "0px solid transparent",
                  },
                  "tooltip": "Další měsíc",
                },
                "ref": null,
                "rendered": null,
                "type": [Function],
              },
              "type": [Function],
            },
          ],
          "type": [Function],
        },
      ],
      "type": "div",
    },
  ],
  Symbol(enzyme.__options__): Object {
    "adapter": ReactSixteenAdapter {
      "options": Object {
        "enableComponentDidUpdateOnSetState": true,
        "lifecycles": Object {
          "componentDidUpdate": Object {
            "onSetState": true,
          },
          "getDerivedStateFromProps": true,
          "getSnapshotBeforeUpdate": true,
          "setState": Object {
            "skipsComponentDidUpdateOnNullish": true,
          },
        },
      },
    },
  },
}
`;
