// Jest Snapshot v1, https://goo.gl/fbAQLP

exports[`renders error content correctly 1`] = `
ShallowWrapper {
  Symbol(enzyme.__root__): [Circular],
  Symbol(enzyme.__unrendered__): <ErrorBoundary>
    <div>
      test
    </div>
  </ErrorBoundary>,
  Symbol(enzyme.__renderer__): Object {
    "batchedUpdates": [Function],
    "getNode": [Function],
    "render": [Function],
    "simulateError": [Function],
    "simulateEvent": [Function],
    "unmount": [Function],
  },
  Symbol(enzyme.__node__): Object {
    "instance": null,
    "key": undefined,
    "nodeType": "host",
    "props": Object {
      "children": Array [
        <h2>
          An error occured!
          <Button
            className="float-right"
            color="secondary"
            onClick={[Function]}
            outline={true}
            tag="button"
          >
            Reload page
          </Button>
        </h2>,
        <hr />,
        <details
          style={
            Object {
              "cursor": "pointer",
            }
          }
        >
          error: 
          <br />
          stack
        </details>,
      ],
      "className": "mt-3",
    },
    "ref": null,
    "rendered": Array [
      Object {
        "instance": null,
        "key": undefined,
        "nodeType": "host",
        "props": Object {
          "children": Array [
            "An error occured!",
            <Button
              className="float-right"
              color="secondary"
              onClick={[Function]}
              outline={true}
              tag="button"
            >
              Reload page
            </Button>,
          ],
        },
        "ref": null,
        "rendered": Array [
          "An error occured!",
          Object {
            "instance": null,
            "key": undefined,
            "nodeType": "class",
            "props": Object {
              "children": "Reload page",
              "className": "float-right",
              "color": "secondary",
              "onClick": [Function],
              "outline": true,
              "tag": "button",
            },
            "ref": null,
            "rendered": "Reload page",
            "type": [Function],
          },
        ],
        "type": "h2",
      },
      Object {
        "instance": null,
        "key": undefined,
        "nodeType": "host",
        "props": Object {},
        "ref": null,
        "rendered": null,
        "type": "hr",
      },
      Object {
        "instance": null,
        "key": undefined,
        "nodeType": "host",
        "props": Object {
          "children": Array [
            "error: ",
            <br />,
            "stack",
          ],
          "style": Object {
            "cursor": "pointer",
          },
        },
        "ref": null,
        "rendered": Array [
          "error: ",
          Object {
            "instance": null,
            "key": undefined,
            "nodeType": "host",
            "props": Object {},
            "ref": null,
            "rendered": null,
            "type": "br",
          },
          "stack",
        ],
        "type": "details",
      },
    ],
    "type": "div",
  },
  Symbol(enzyme.__nodes__): Array [
    Object {
      "instance": null,
      "key": undefined,
      "nodeType": "host",
      "props": Object {
        "children": Array [
          <h2>
            An error occured!
            <Button
              className="float-right"
              color="secondary"
              onClick={[Function]}
              outline={true}
              tag="button"
            >
              Reload page
            </Button>
          </h2>,
          <hr />,
          <details
            style={
              Object {
                "cursor": "pointer",
              }
            }
          >
            error: 
            <br />
            stack
          </details>,
        ],
        "className": "mt-3",
      },
      "ref": null,
      "rendered": Array [
        Object {
          "instance": null,
          "key": undefined,
          "nodeType": "host",
          "props": Object {
            "children": Array [
              "An error occured!",
              <Button
                className="float-right"
                color="secondary"
                onClick={[Function]}
                outline={true}
                tag="button"
              >
                Reload page
              </Button>,
            ],
          },
          "ref": null,
          "rendered": Array [
            "An error occured!",
            Object {
              "instance": null,
              "key": undefined,
              "nodeType": "class",
              "props": Object {
                "children": "Reload page",
                "className": "float-right",
                "color": "secondary",
                "onClick": [Function],
                "outline": true,
                "tag": "button",
              },
              "ref": null,
              "rendered": "Reload page",
              "type": [Function],
            },
          ],
          "type": "h2",
        },
        Object {
          "instance": null,
          "key": undefined,
          "nodeType": "host",
          "props": Object {},
          "ref": null,
          "rendered": null,
          "type": "hr",
        },
        Object {
          "instance": null,
          "key": undefined,
          "nodeType": "host",
          "props": Object {
            "children": Array [
              "error: ",
              <br />,
              "stack",
            ],
            "style": Object {
              "cursor": "pointer",
            },
          },
          "ref": null,
          "rendered": Array [
            "error: ",
            Object {
              "instance": null,
              "key": undefined,
              "nodeType": "host",
              "props": Object {},
              "ref": null,
              "rendered": null,
              "type": "br",
            },
            "stack",
          ],
          "type": "details",
        },
      ],
      "type": "div",
    },
  ],
  Symbol(enzyme.__options__): Object {
    "adapter": ReactSixteenAdapter {
      "options": Object {
        "enableComponentDidUpdateOnSetState": true,
        "lifecycles": Object {
          "componentDidUpdate": Object {
            "onSetState": true,
          },
          "getDerivedStateFromProps": true,
          "getSnapshotBeforeUpdate": true,
          "setState": Object {
            "skipsComponentDidUpdateOnNullish": true,
          },
        },
      },
    },
  },
}
`;
