// Jest Snapshot v1, https://goo.gl/fbAQLP

exports[`renders content with correct props 1`] = `
ShallowWrapper {
  Symbol(enzyme.__root__): [Circular],
  Symbol(enzyme.__unrendered__): <TooltipGroup
    labels={
      Array [
        "test1",
        "test2",
      ]
    }
    targets={
      Array [
        "target1",
        "target2",
      ]
    }
  />,
  Symbol(enzyme.__renderer__): Object {
    "batchedUpdates": [Function],
    "getNode": [Function],
    "render": [Function],
    "simulateError": [Function],
    "simulateEvent": [Function],
    "unmount": [Function],
  },
  Symbol(enzyme.__node__): Object {
    "instance": null,
    "key": undefined,
    "nodeType": "host",
    "props": Object {
      "children": Array [
        <Tooltip
          autohide={true}
          delay={
            Object {
              "hide": 250,
              "show": 0,
            }
          }
          hideArrow={false}
          isOpen={false}
          placement="top"
          placementPrefix="bs-tooltip"
          target="target1"
          toggle={[Function]}
          trigger="hover"
        >
          test1
        </Tooltip>,
        <Tooltip
          autohide={true}
          delay={
            Object {
              "hide": 250,
              "show": 0,
            }
          }
          hideArrow={false}
          isOpen={false}
          placement="top"
          placementPrefix="bs-tooltip"
          target="target2"
          toggle={[Function]}
          trigger="hover"
        >
          test2
        </Tooltip>,
      ],
      "className": "no-print",
    },
    "ref": null,
    "rendered": Array [
      Object {
        "instance": null,
        "key": "target1",
        "nodeType": "class",
        "props": Object {
          "autohide": true,
          "children": "test1",
          "delay": Object {
            "hide": 250,
            "show": 0,
          },
          "hideArrow": false,
          "isOpen": false,
          "placement": "top",
          "placementPrefix": "bs-tooltip",
          "target": "target1",
          "toggle": [Function],
          "trigger": "hover",
        },
        "ref": null,
        "rendered": "test1",
        "type": [Function],
      },
      Object {
        "instance": null,
        "key": "target2",
        "nodeType": "class",
        "props": Object {
          "autohide": true,
          "children": "test2",
          "delay": Object {
            "hide": 250,
            "show": 0,
          },
          "hideArrow": false,
          "isOpen": false,
          "placement": "top",
          "placementPrefix": "bs-tooltip",
          "target": "target2",
          "toggle": [Function],
          "trigger": "hover",
        },
        "ref": null,
        "rendered": "test2",
        "type": [Function],
      },
    ],
    "type": "div",
  },
  Symbol(enzyme.__nodes__): Array [
    Object {
      "instance": null,
      "key": undefined,
      "nodeType": "host",
      "props": Object {
        "children": Array [
          <Tooltip
            autohide={true}
            delay={
              Object {
                "hide": 250,
                "show": 0,
              }
            }
            hideArrow={false}
            isOpen={false}
            placement="top"
            placementPrefix="bs-tooltip"
            target="target1"
            toggle={[Function]}
            trigger="hover"
          >
            test1
          </Tooltip>,
          <Tooltip
            autohide={true}
            delay={
              Object {
                "hide": 250,
                "show": 0,
              }
            }
            hideArrow={false}
            isOpen={false}
            placement="top"
            placementPrefix="bs-tooltip"
            target="target2"
            toggle={[Function]}
            trigger="hover"
          >
            test2
          </Tooltip>,
        ],
        "className": "no-print",
      },
      "ref": null,
      "rendered": Array [
        Object {
          "instance": null,
          "key": "target1",
          "nodeType": "class",
          "props": Object {
            "autohide": true,
            "children": "test1",
            "delay": Object {
              "hide": 250,
              "show": 0,
            },
            "hideArrow": false,
            "isOpen": false,
            "placement": "top",
            "placementPrefix": "bs-tooltip",
            "target": "target1",
            "toggle": [Function],
            "trigger": "hover",
          },
          "ref": null,
          "rendered": "test1",
          "type": [Function],
        },
        Object {
          "instance": null,
          "key": "target2",
          "nodeType": "class",
          "props": Object {
            "autohide": true,
            "children": "test2",
            "delay": Object {
              "hide": 250,
              "show": 0,
            },
            "hideArrow": false,
            "isOpen": false,
            "placement": "top",
            "placementPrefix": "bs-tooltip",
            "target": "target2",
            "toggle": [Function],
            "trigger": "hover",
          },
          "ref": null,
          "rendered": "test2",
          "type": [Function],
        },
      ],
      "type": "div",
    },
  ],
  Symbol(enzyme.__options__): Object {
    "adapter": ReactSixteenAdapter {
      "options": Object {
        "enableComponentDidUpdateOnSetState": true,
        "lifecycles": Object {
          "componentDidUpdate": Object {
            "onSetState": true,
          },
          "getDerivedStateFromProps": true,
          "getSnapshotBeforeUpdate": true,
          "setState": Object {
            "skipsComponentDidUpdateOnNullish": true,
          },
        },
      },
    },
  },
}
`;
