// Jest Snapshot v1, https://goo.gl/fbAQLP

exports[`renders content with correct props 1`] = `
<div>
  <h2>
    test
  </h2>
  <hr />
  <h3>
    Neautorizov√°no
  </h3>
</div>
`;
