// Jest Snapshot v1, https://goo.gl/fbAQLP

exports[`renders content correctly 1`] = `
ShallowWrapper {
  Symbol(enzyme.__root__): [Circular],
  Symbol(enzyme.__unrendered__): <MassagesArchive />,
  Symbol(enzyme.__renderer__): Object {
    "batchedUpdates": [Function],
    "getNode": [Function],
    "render": [Function],
    "simulateError": [Function],
    "simulateEvent": [Function],
    "unmount": [Function],
  },
  Symbol(enzyme.__node__): Object {
    "instance": null,
    "key": undefined,
    "nodeType": "host",
    "props": Object {
      "children": Array [
        <InfoAlert
          onClose={[Function]}
        >
          Na této stránce můžete prohlížet dokončené, archivované masáže.
        </InfoAlert>,
        <h1>
          <div
            className="loader float-right"
          />
          Archiv masáží
        </h1>,
        <hr />,
        <Row
          tag="div"
        >
          <Col
            className="text-right"
            md="12"
            tag="div"
            widths={
              Array [
                "xs",
                "sm",
                "md",
                "lg",
                "xl",
              ]
            }
          >
            <TooltipButton
              active={false}
              disabled={false}
              label="Vybírat"
              onClick={[Function]}
              tooltip="Výběr více masáží pro hromadné operace"
            />
            <ConfirmationButton
              className="mx-2"
              dialogMessage="Jste si jisti? Tato akce nemůže být navrácena."
              disabled={true}
              label="Smazat vybrané"
              onConfirm={[Function]}
              tooltip="Smazat vybrané masáže"
            />
            <ConfirmationButton
              dialogMessage="Jste si jisti? Tato akce nemůže být navrácena."
              disabled={false}
              label="Smazat vše"
              onConfirm={[Function]}
              tooltip="Vyčistit historii masáží"
            />
          </Col>
        </Row>,
        <CalendarPanel
          activeEventTooltip={null}
          allowEditation={false}
          events={Array []}
          massageMinutes={0}
          onAdd={[Function]}
          onAssign={[Function]}
          onCancel={[Function]}
          onDateChange={[Function]}
          onDelete={[Function]}
          onEdit={[Function]}
          onSelect={[Function]}
          onSelectDay={[Function]}
          onTooltipTrigger={[Function]}
          selectEvents={false}
          selected={Array []}
        />,
      ],
      "className": "my-3",
    },
    "ref": null,
    "rendered": Array [
      Object {
        "instance": null,
        "key": undefined,
        "nodeType": "function",
        "props": Object {
          "children": "Na této stránce můžete prohlížet dokončené, archivované masáže.",
          "onClose": [Function],
        },
        "ref": null,
        "rendered": "Na této stránce můžete prohlížet dokončené, archivované masáže.",
        "type": [Function],
      },
      Object {
        "instance": null,
        "key": undefined,
        "nodeType": "host",
        "props": Object {
          "children": Array [
            <div
              className="loader float-right"
            />,
            "Archiv masáží",
          ],
        },
        "ref": null,
        "rendered": Array [
          Object {
            "instance": null,
            "key": undefined,
            "nodeType": "host",
            "props": Object {
              "className": "loader float-right",
            },
            "ref": null,
            "rendered": null,
            "type": "div",
          },
          "Archiv masáží",
        ],
        "type": "h1",
      },
      Object {
        "instance": null,
        "key": undefined,
        "nodeType": "host",
        "props": Object {},
        "ref": null,
        "rendered": null,
        "type": "hr",
      },
      Object {
        "instance": null,
        "key": undefined,
        "nodeType": "function",
        "props": Object {
          "children": <Col
            className="text-right"
            md="12"
            tag="div"
            widths={
              Array [
                "xs",
                "sm",
                "md",
                "lg",
                "xl",
              ]
            }
          >
            <TooltipButton
              active={false}
              disabled={false}
              label="Vybírat"
              onClick={[Function]}
              tooltip="Výběr více masáží pro hromadné operace"
            />
            <ConfirmationButton
              className="mx-2"
              dialogMessage="Jste si jisti? Tato akce nemůže být navrácena."
              disabled={true}
              label="Smazat vybrané"
              onConfirm={[Function]}
              tooltip="Smazat vybrané masáže"
            />
            <ConfirmationButton
              dialogMessage="Jste si jisti? Tato akce nemůže být navrácena."
              disabled={false}
              label="Smazat vše"
              onConfirm={[Function]}
              tooltip="Vyčistit historii masáží"
            />
          </Col>,
          "tag": "div",
        },
        "ref": null,
        "rendered": Object {
          "instance": null,
          "key": undefined,
          "nodeType": "function",
          "props": Object {
            "children": Array [
              <TooltipButton
                active={false}
                disabled={false}
                label="Vybírat"
                onClick={[Function]}
                tooltip="Výběr více masáží pro hromadné operace"
              />,
              <ConfirmationButton
                className="mx-2"
                dialogMessage="Jste si jisti? Tato akce nemůže být navrácena."
                disabled={true}
                label="Smazat vybrané"
                onConfirm={[Function]}
                tooltip="Smazat vybrané masáže"
              />,
              <ConfirmationButton
                dialogMessage="Jste si jisti? Tato akce nemůže být navrácena."
                disabled={false}
                label="Smazat vše"
                onConfirm={[Function]}
                tooltip="Vyčistit historii masáží"
              />,
            ],
            "className": "text-right",
            "md": "12",
            "tag": "div",
            "widths": Array [
              "xs",
              "sm",
              "md",
              "lg",
              "xl",
            ],
          },
          "ref": null,
          "rendered": Array [
            Object {
              "instance": null,
              "key": undefined,
              "nodeType": "class",
              "props": Object {
                "active": false,
                "disabled": false,
                "label": "Vybírat",
                "onClick": [Function],
                "tooltip": "Výběr více masáží pro hromadné operace",
              },
              "ref": null,
              "rendered": null,
              "type": [Function],
            },
            Object {
              "instance": null,
              "key": undefined,
              "nodeType": "class",
              "props": Object {
                "className": "mx-2",
                "dialogMessage": "Jste si jisti? Tato akce nemůže být navrácena.",
                "disabled": true,
                "label": "Smazat vybrané",
                "onConfirm": [Function],
                "tooltip": "Smazat vybrané masáže",
              },
              "ref": null,
              "rendered": null,
              "type": [Function],
            },
            Object {
              "instance": null,
              "key": undefined,
              "nodeType": "class",
              "props": Object {
                "dialogMessage": "Jste si jisti? Tato akce nemůže být navrácena.",
                "disabled": false,
                "label": "Smazat vše",
                "onConfirm": [Function],
                "tooltip": "Vyčistit historii masáží",
              },
              "ref": null,
              "rendered": null,
              "type": [Function],
            },
          ],
          "type": [Function],
        },
        "type": [Function],
      },
      Object {
        "instance": null,
        "key": undefined,
        "nodeType": "class",
        "props": Object {
          "activeEventTooltip": null,
          "allowEditation": false,
          "events": Array [],
          "massageMinutes": 0,
          "onAdd": [Function],
          "onAssign": [Function],
          "onCancel": [Function],
          "onDateChange": [Function],
          "onDelete": [Function],
          "onEdit": [Function],
          "onSelect": [Function],
          "onSelectDay": [Function],
          "onTooltipTrigger": [Function],
          "selectEvents": false,
          "selected": Array [],
        },
        "ref": null,
        "rendered": null,
        "type": [Function],
      },
    ],
    "type": "div",
  },
  Symbol(enzyme.__nodes__): Array [
    Object {
      "instance": null,
      "key": undefined,
      "nodeType": "host",
      "props": Object {
        "children": Array [
          <InfoAlert
            onClose={[Function]}
          >
            Na této stránce můžete prohlížet dokončené, archivované masáže.
          </InfoAlert>,
          <h1>
            <div
              className="loader float-right"
            />
            Archiv masáží
          </h1>,
          <hr />,
          <Row
            tag="div"
          >
            <Col
              className="text-right"
              md="12"
              tag="div"
              widths={
                Array [
                  "xs",
                  "sm",
                  "md",
                  "lg",
                  "xl",
                ]
              }
            >
              <TooltipButton
                active={false}
                disabled={false}
                label="Vybírat"
                onClick={[Function]}
                tooltip="Výběr více masáží pro hromadné operace"
              />
              <ConfirmationButton
                className="mx-2"
                dialogMessage="Jste si jisti? Tato akce nemůže být navrácena."
                disabled={true}
                label="Smazat vybrané"
                onConfirm={[Function]}
                tooltip="Smazat vybrané masáže"
              />
              <ConfirmationButton
                dialogMessage="Jste si jisti? Tato akce nemůže být navrácena."
                disabled={false}
                label="Smazat vše"
                onConfirm={[Function]}
                tooltip="Vyčistit historii masáží"
              />
            </Col>
          </Row>,
          <CalendarPanel
            activeEventTooltip={null}
            allowEditation={false}
            events={Array []}
            massageMinutes={0}
            onAdd={[Function]}
            onAssign={[Function]}
            onCancel={[Function]}
            onDateChange={[Function]}
            onDelete={[Function]}
            onEdit={[Function]}
            onSelect={[Function]}
            onSelectDay={[Function]}
            onTooltipTrigger={[Function]}
            selectEvents={false}
            selected={Array []}
          />,
        ],
        "className": "my-3",
      },
      "ref": null,
      "rendered": Array [
        Object {
          "instance": null,
          "key": undefined,
          "nodeType": "function",
          "props": Object {
            "children": "Na této stránce můžete prohlížet dokončené, archivované masáže.",
            "onClose": [Function],
          },
          "ref": null,
          "rendered": "Na této stránce můžete prohlížet dokončené, archivované masáže.",
          "type": [Function],
        },
        Object {
          "instance": null,
          "key": undefined,
          "nodeType": "host",
          "props": Object {
            "children": Array [
              <div
                className="loader float-right"
              />,
              "Archiv masáží",
            ],
          },
          "ref": null,
          "rendered": Array [
            Object {
              "instance": null,
              "key": undefined,
              "nodeType": "host",
              "props": Object {
                "className": "loader float-right",
              },
              "ref": null,
              "rendered": null,
              "type": "div",
            },
            "Archiv masáží",
          ],
          "type": "h1",
        },
        Object {
          "instance": null,
          "key": undefined,
          "nodeType": "host",
          "props": Object {},
          "ref": null,
          "rendered": null,
          "type": "hr",
        },
        Object {
          "instance": null,
          "key": undefined,
          "nodeType": "function",
          "props": Object {
            "children": <Col
              className="text-right"
              md="12"
              tag="div"
              widths={
                Array [
                  "xs",
                  "sm",
                  "md",
                  "lg",
                  "xl",
                ]
              }
            >
              <TooltipButton
                active={false}
                disabled={false}
                label="Vybírat"
                onClick={[Function]}
                tooltip="Výběr více masáží pro hromadné operace"
              />
              <ConfirmationButton
                className="mx-2"
                dialogMessage="Jste si jisti? Tato akce nemůže být navrácena."
                disabled={true}
                label="Smazat vybrané"
                onConfirm={[Function]}
                tooltip="Smazat vybrané masáže"
              />
              <ConfirmationButton
                dialogMessage="Jste si jisti? Tato akce nemůže být navrácena."
                disabled={false}
                label="Smazat vše"
                onConfirm={[Function]}
                tooltip="Vyčistit historii masáží"
              />
            </Col>,
            "tag": "div",
          },
          "ref": null,
          "rendered": Object {
            "instance": null,
            "key": undefined,
            "nodeType": "function",
            "props": Object {
              "children": Array [
                <TooltipButton
                  active={false}
                  disabled={false}
                  label="Vybírat"
                  onClick={[Function]}
                  tooltip="Výběr více masáží pro hromadné operace"
                />,
                <ConfirmationButton
                  className="mx-2"
                  dialogMessage="Jste si jisti? Tato akce nemůže být navrácena."
                  disabled={true}
                  label="Smazat vybrané"
                  onConfirm={[Function]}
                  tooltip="Smazat vybrané masáže"
                />,
                <ConfirmationButton
                  dialogMessage="Jste si jisti? Tato akce nemůže být navrácena."
                  disabled={false}
                  label="Smazat vše"
                  onConfirm={[Function]}
                  tooltip="Vyčistit historii masáží"
                />,
              ],
              "className": "text-right",
              "md": "12",
              "tag": "div",
              "widths": Array [
                "xs",
                "sm",
                "md",
                "lg",
                "xl",
              ],
            },
            "ref": null,
            "rendered": Array [
              Object {
                "instance": null,
                "key": undefined,
                "nodeType": "class",
                "props": Object {
                  "active": false,
                  "disabled": false,
                  "label": "Vybírat",
                  "onClick": [Function],
                  "tooltip": "Výběr více masáží pro hromadné operace",
                },
                "ref": null,
                "rendered": null,
                "type": [Function],
              },
              Object {
                "instance": null,
                "key": undefined,
                "nodeType": "class",
                "props": Object {
                  "className": "mx-2",
                  "dialogMessage": "Jste si jisti? Tato akce nemůže být navrácena.",
                  "disabled": true,
                  "label": "Smazat vybrané",
                  "onConfirm": [Function],
                  "tooltip": "Smazat vybrané masáže",
                },
                "ref": null,
                "rendered": null,
                "type": [Function],
              },
              Object {
                "instance": null,
                "key": undefined,
                "nodeType": "class",
                "props": Object {
                  "dialogMessage": "Jste si jisti? Tato akce nemůže být navrácena.",
                  "disabled": false,
                  "label": "Smazat vše",
                  "onConfirm": [Function],
                  "tooltip": "Vyčistit historii masáží",
                },
                "ref": null,
                "rendered": null,
                "type": [Function],
              },
            ],
            "type": [Function],
          },
          "type": [Function],
        },
        Object {
          "instance": null,
          "key": undefined,
          "nodeType": "class",
          "props": Object {
            "activeEventTooltip": null,
            "allowEditation": false,
            "events": Array [],
            "massageMinutes": 0,
            "onAdd": [Function],
            "onAssign": [Function],
            "onCancel": [Function],
            "onDateChange": [Function],
            "onDelete": [Function],
            "onEdit": [Function],
            "onSelect": [Function],
            "onSelectDay": [Function],
            "onTooltipTrigger": [Function],
            "selectEvents": false,
            "selected": Array [],
          },
          "ref": null,
          "rendered": null,
          "type": [Function],
        },
      ],
      "type": "div",
    },
  ],
  Symbol(enzyme.__options__): Object {
    "adapter": ReactSixteenAdapter {
      "options": Object {
        "enableComponentDidUpdateOnSetState": true,
        "lifecycles": Object {
          "componentDidUpdate": Object {
            "onSetState": true,
          },
          "getDerivedStateFromProps": true,
          "getSnapshotBeforeUpdate": true,
          "setState": Object {
            "skipsComponentDidUpdateOnNullish": true,
          },
        },
      },
    },
  },
}
`;
