// Jest Snapshot v1, https://goo.gl/fbAQLP

exports[`renders content correctly 1`] = `
ShallowWrapper {
  Symbol(enzyme.__root__): [Circular],
  Symbol(enzyme.__unrendered__): <MyMassages />,
  Symbol(enzyme.__renderer__): Object {
    "batchedUpdates": [Function],
    "getNode": [Function],
    "render": [Function],
    "simulateEvent": [Function],
    "unmount": [Function],
  },
  Symbol(enzyme.__node__): Object {
    "instance": null,
    "key": undefined,
    "nodeType": "host",
    "props": Object {
      "children": Array [
        <InfoAlert
          onClose={[Function]}
>
          Na této stránce můžete vidět své zapsané masáže. Použitím tlačítka kalendáře lze podle dané masáže vygenerovat Google událost.
</InfoAlert>,
        <h1>
          Moje masáže
</h1>,
        <hr />,
        <h3>
          Žádné – 
          <Link
                    replace={false}
                    style={
                              Object {
                                        "color": "#595959",
                                      }
                    }
                    to="/"
          >
                    Jít na masáže
          </Link>
</h3>,
      ],
      "className": "my-3",
    },
    "ref": null,
    "rendered": Array [
      Object {
        "instance": null,
        "key": undefined,
        "nodeType": "function",
        "props": Object {
          "children": "Na této stránce můžete vidět své zapsané masáže. Použitím tlačítka kalendáře lze podle dané masáže vygenerovat Google událost.",
          "onClose": [Function],
        },
        "ref": null,
        "rendered": "Na této stránce můžete vidět své zapsané masáže. Použitím tlačítka kalendáře lze podle dané masáže vygenerovat Google událost.",
        "type": [Function],
      },
      Object {
        "instance": null,
        "key": undefined,
        "nodeType": "host",
        "props": Object {
          "children": Array [
            false,
            "Moje masáže",
          ],
        },
        "ref": null,
        "rendered": Array [
          false,
          "Moje masáže",
        ],
        "type": "h1",
      },
      Object {
        "instance": null,
        "key": undefined,
        "nodeType": "host",
        "props": Object {},
        "ref": null,
        "rendered": null,
        "type": "hr",
      },
      Object {
        "instance": null,
        "key": undefined,
        "nodeType": "host",
        "props": Object {
          "children": Array [
            "Žádné – ",
            <Link
              replace={false}
              style={
                            Object {
                                          "color": "#595959",
                                        }
              }
              to="/"
>
              Jít na masáže
</Link>,
          ],
        },
        "ref": null,
        "rendered": Array [
          "Žádné – ",
          Object {
            "instance": null,
            "key": undefined,
            "nodeType": "class",
            "props": Object {
              "children": "Jít na masáže",
              "replace": false,
              "style": Object {
                "color": "#595959",
              },
              "to": "/",
            },
            "ref": null,
            "rendered": "Jít na masáže",
            "type": [Function],
          },
        ],
        "type": "h3",
      },
    ],
    "type": "div",
  },
  Symbol(enzyme.__nodes__): Array [
    Object {
      "instance": null,
      "key": undefined,
      "nodeType": "host",
      "props": Object {
        "children": Array [
          <InfoAlert
            onClose={[Function]}
>
            Na této stránce můžete vidět své zapsané masáže. Použitím tlačítka kalendáře lze podle dané masáže vygenerovat Google událost.
</InfoAlert>,
          <h1>
            Moje masáže
</h1>,
          <hr />,
          <h3>
            Žádné – 
            <Link
                        replace={false}
                        style={
                                    Object {
                                                "color": "#595959",
                                              }
                        }
                        to="/"
            >
                        Jít na masáže
            </Link>
</h3>,
        ],
        "className": "my-3",
      },
      "ref": null,
      "rendered": Array [
        Object {
          "instance": null,
          "key": undefined,
          "nodeType": "function",
          "props": Object {
            "children": "Na této stránce můžete vidět své zapsané masáže. Použitím tlačítka kalendáře lze podle dané masáže vygenerovat Google událost.",
            "onClose": [Function],
          },
          "ref": null,
          "rendered": "Na této stránce můžete vidět své zapsané masáže. Použitím tlačítka kalendáře lze podle dané masáže vygenerovat Google událost.",
          "type": [Function],
        },
        Object {
          "instance": null,
          "key": undefined,
          "nodeType": "host",
          "props": Object {
            "children": Array [
              false,
              "Moje masáže",
            ],
          },
          "ref": null,
          "rendered": Array [
            false,
            "Moje masáže",
          ],
          "type": "h1",
        },
        Object {
          "instance": null,
          "key": undefined,
          "nodeType": "host",
          "props": Object {},
          "ref": null,
          "rendered": null,
          "type": "hr",
        },
        Object {
          "instance": null,
          "key": undefined,
          "nodeType": "host",
          "props": Object {
            "children": Array [
              "Žádné – ",
              <Link
                replace={false}
                style={
                                Object {
                                                "color": "#595959",
                                              }
                }
                to="/"
>
                Jít na masáže
</Link>,
            ],
          },
          "ref": null,
          "rendered": Array [
            "Žádné – ",
            Object {
              "instance": null,
              "key": undefined,
              "nodeType": "class",
              "props": Object {
                "children": "Jít na masáže",
                "replace": false,
                "style": Object {
                  "color": "#595959",
                },
                "to": "/",
              },
              "ref": null,
              "rendered": "Jít na masáže",
              "type": [Function],
            },
          ],
          "type": "h3",
        },
      ],
      "type": "div",
    },
  ],
  Symbol(enzyme.__options__): Object {
    "adapter": ReactSixteenAdapter {
      "options": Object {
        "enableComponentDidUpdateOnSetState": true,
        "lifecycles": Object {
          "componentDidUpdate": Object {
            "onSetState": true,
          },
          "getDerivedStateFromProps": true,
          "getSnapshotBeforeUpdate": true,
          "setState": Object {
            "skipsComponentDidUpdateOnNullish": true,
          },
        },
      },
    },
    "attachTo": undefined,
    "hydrateIn": undefined,
  },
}
`;
