// Jest Snapshot v1, https://goo.gl/fbAQLP

exports[`renders inside content with correct props 1`] = `
ShallowWrapper {
  Symbol(enzyme.__root__): [Circular],
  Symbol(enzyme.__unrendered__): <FacilityModal
    active={true}
    facility={null}
    getCallback={[MockFunction]}
    onToggle={
      [MockFunction] {
        "calls": Array [
          Array [],
        ],
        "results": Array [
          Object {
            "isThrow": false,
            "value": undefined,
          },
        ],
      }
    }
    withPortal={false}
  />,
  Symbol(enzyme.__renderer__): Object {
    "batchedUpdates": [Function],
    "getNode": [Function],
    "render": [Function],
    "simulateError": [Function],
    "simulateEvent": [Function],
    "unmount": [Function],
  },
  Symbol(enzyme.__node__): Object {
    "instance": null,
    "key": undefined,
    "nodeType": "host",
    "props": Object {
      "children": Array [
        <TooltipIconButton
          disabled={false}
          icon="plus"
          onClick={
            [MockFunction] {
              "calls": Array [
                Array [],
              ],
              "results": Array [
                Object {
                  "isThrow": false,
                  "value": undefined,
                },
              ],
            }
          }
          size="sm"
          style={
            Object {
              "border": "0px solid transparent",
            }
          }
          tooltip="Vytvořit novou budovu"
        />,
        <ModalBody
          tag="div"
        >
          <Row
            tag="div"
          >
            <Col
              md="12"
              tag="div"
              widths={
                Array [
                  "xs",
                  "sm",
                  "md",
                  "lg",
                  "xl",
                ]
              }
            >
              <h3>
                Nová budova
              </h3>
              <hr />
            </Col>
          </Row>
          <Row
            tag="div"
          >
            <LabeledInput
              label="Název"
              maxLength="64"
              onChange={[Function]}
              onEnterPress={[Function]}
              options={Array []}
              size="12"
              tooltip=""
              type="text"
              value=""
            />
          </Row>
          <ModalActions
            disabled={false}
            onClose={
              [MockFunction] {
                "calls": Array [
                  Array [],
                ],
                "results": Array [
                  Object {
                    "isThrow": false,
                    "value": undefined,
                  },
                ],
              }
            }
            onProceed={[Function]}
            primaryLabel="Přidat"
          />
        </ModalBody>,
      ],
      "className": "float-right",
    },
    "ref": null,
    "rendered": Array [
      Object {
        "instance": null,
        "key": undefined,
        "nodeType": "class",
        "props": Object {
          "disabled": false,
          "icon": "plus",
          "onClick": [MockFunction] {
            "calls": Array [
              Array [],
            ],
            "results": Array [
              Object {
                "isThrow": false,
                "value": undefined,
              },
            ],
          },
          "size": "sm",
          "style": Object {
            "border": "0px solid transparent",
          },
          "tooltip": "Vytvořit novou budovu",
        },
        "ref": null,
        "rendered": null,
        "type": [Function],
      },
      Object {
        "instance": null,
        "key": undefined,
        "nodeType": "function",
        "props": Object {
          "children": Array [
            <Row
              tag="div"
            >
              <Col
                md="12"
                tag="div"
                widths={
                  Array [
                    "xs",
                    "sm",
                    "md",
                    "lg",
                    "xl",
                  ]
                }
              >
                <h3>
                  Nová budova
                </h3>
                <hr />
              </Col>
            </Row>,
            <Row
              tag="div"
            >
              <LabeledInput
                label="Název"
                maxLength="64"
                onChange={[Function]}
                onEnterPress={[Function]}
                options={Array []}
                size="12"
                tooltip=""
                type="text"
                value=""
              />
            </Row>,
            <ModalActions
              disabled={false}
              onClose={
                [MockFunction] {
                  "calls": Array [
                    Array [],
                  ],
                  "results": Array [
                    Object {
                      "isThrow": false,
                      "value": undefined,
                    },
                  ],
                }
              }
              onProceed={[Function]}
              primaryLabel="Přidat"
            />,
          ],
          "tag": "div",
        },
        "ref": null,
        "rendered": Array [
          Object {
            "instance": null,
            "key": undefined,
            "nodeType": "function",
            "props": Object {
              "children": <Col
                md="12"
                tag="div"
                widths={
                  Array [
                    "xs",
                    "sm",
                    "md",
                    "lg",
                    "xl",
                  ]
                }
              >
                <h3>
                  Nová budova
                </h3>
                <hr />
              </Col>,
              "tag": "div",
            },
            "ref": null,
            "rendered": Object {
              "instance": null,
              "key": undefined,
              "nodeType": "function",
              "props": Object {
                "children": Array [
                  <h3>
                    Nová budova
                  </h3>,
                  <hr />,
                ],
                "md": "12",
                "tag": "div",
                "widths": Array [
                  "xs",
                  "sm",
                  "md",
                  "lg",
                  "xl",
                ],
              },
              "ref": null,
              "rendered": Array [
                Object {
                  "instance": null,
                  "key": undefined,
                  "nodeType": "host",
                  "props": Object {
                    "children": "Nová budova",
                  },
                  "ref": null,
                  "rendered": "Nová budova",
                  "type": "h3",
                },
                Object {
                  "instance": null,
                  "key": undefined,
                  "nodeType": "host",
                  "props": Object {},
                  "ref": null,
                  "rendered": null,
                  "type": "hr",
                },
              ],
              "type": [Function],
            },
            "type": [Function],
          },
          Object {
            "instance": null,
            "key": undefined,
            "nodeType": "function",
            "props": Object {
              "children": <LabeledInput
                label="Název"
                maxLength="64"
                onChange={[Function]}
                onEnterPress={[Function]}
                options={Array []}
                size="12"
                tooltip=""
                type="text"
                value=""
              />,
              "tag": "div",
            },
            "ref": null,
            "rendered": Object {
              "instance": null,
              "key": undefined,
              "nodeType": "class",
              "props": Object {
                "label": "Název",
                "maxLength": "64",
                "onChange": [Function],
                "onEnterPress": [Function],
                "options": Array [],
                "size": "12",
                "tooltip": "",
                "type": "text",
                "value": "",
              },
              "ref": null,
              "rendered": null,
              "type": [Function],
            },
            "type": [Function],
          },
          Object {
            "instance": null,
            "key": undefined,
            "nodeType": "function",
            "props": Object {
              "children": null,
              "disabled": false,
              "onClose": [MockFunction] {
                "calls": Array [
                  Array [],
                ],
                "results": Array [
                  Object {
                    "isThrow": false,
                    "value": undefined,
                  },
                ],
              },
              "onProceed": [Function],
              "primaryLabel": "Přidat",
            },
            "ref": null,
            "rendered": null,
            "type": [Function],
          },
        ],
        "type": [Function],
      },
    ],
    "type": "div",
  },
  Symbol(enzyme.__nodes__): Array [
    Object {
      "instance": null,
      "key": undefined,
      "nodeType": "host",
      "props": Object {
        "children": Array [
          <TooltipIconButton
            disabled={false}
            icon="plus"
            onClick={
              [MockFunction] {
                "calls": Array [
                  Array [],
                ],
                "results": Array [
                  Object {
                    "isThrow": false,
                    "value": undefined,
                  },
                ],
              }
            }
            size="sm"
            style={
              Object {
                "border": "0px solid transparent",
              }
            }
            tooltip="Vytvořit novou budovu"
          />,
          <ModalBody
            tag="div"
          >
            <Row
              tag="div"
            >
              <Col
                md="12"
                tag="div"
                widths={
                  Array [
                    "xs",
                    "sm",
                    "md",
                    "lg",
                    "xl",
                  ]
                }
              >
                <h3>
                  Nová budova
                </h3>
                <hr />
              </Col>
            </Row>
            <Row
              tag="div"
            >
              <LabeledInput
                label="Název"
                maxLength="64"
                onChange={[Function]}
                onEnterPress={[Function]}
                options={Array []}
                size="12"
                tooltip=""
                type="text"
                value=""
              />
            </Row>
            <ModalActions
              disabled={false}
              onClose={
                [MockFunction] {
                  "calls": Array [
                    Array [],
                  ],
                  "results": Array [
                    Object {
                      "isThrow": false,
                      "value": undefined,
                    },
                  ],
                }
              }
              onProceed={[Function]}
              primaryLabel="Přidat"
            />
          </ModalBody>,
        ],
        "className": "float-right",
      },
      "ref": null,
      "rendered": Array [
        Object {
          "instance": null,
          "key": undefined,
          "nodeType": "class",
          "props": Object {
            "disabled": false,
            "icon": "plus",
            "onClick": [MockFunction] {
              "calls": Array [
                Array [],
              ],
              "results": Array [
                Object {
                  "isThrow": false,
                  "value": undefined,
                },
              ],
            },
            "size": "sm",
            "style": Object {
              "border": "0px solid transparent",
            },
            "tooltip": "Vytvořit novou budovu",
          },
          "ref": null,
          "rendered": null,
          "type": [Function],
        },
        Object {
          "instance": null,
          "key": undefined,
          "nodeType": "function",
          "props": Object {
            "children": Array [
              <Row
                tag="div"
              >
                <Col
                  md="12"
                  tag="div"
                  widths={
                    Array [
                      "xs",
                      "sm",
                      "md",
                      "lg",
                      "xl",
                    ]
                  }
                >
                  <h3>
                    Nová budova
                  </h3>
                  <hr />
                </Col>
              </Row>,
              <Row
                tag="div"
              >
                <LabeledInput
                  label="Název"
                  maxLength="64"
                  onChange={[Function]}
                  onEnterPress={[Function]}
                  options={Array []}
                  size="12"
                  tooltip=""
                  type="text"
                  value=""
                />
              </Row>,
              <ModalActions
                disabled={false}
                onClose={
                  [MockFunction] {
                    "calls": Array [
                      Array [],
                    ],
                    "results": Array [
                      Object {
                        "isThrow": false,
                        "value": undefined,
                      },
                    ],
                  }
                }
                onProceed={[Function]}
                primaryLabel="Přidat"
              />,
            ],
            "tag": "div",
          },
          "ref": null,
          "rendered": Array [
            Object {
              "instance": null,
              "key": undefined,
              "nodeType": "function",
              "props": Object {
                "children": <Col
                  md="12"
                  tag="div"
                  widths={
                    Array [
                      "xs",
                      "sm",
                      "md",
                      "lg",
                      "xl",
                    ]
                  }
                >
                  <h3>
                    Nová budova
                  </h3>
                  <hr />
                </Col>,
                "tag": "div",
              },
              "ref": null,
              "rendered": Object {
                "instance": null,
                "key": undefined,
                "nodeType": "function",
                "props": Object {
                  "children": Array [
                    <h3>
                      Nová budova
                    </h3>,
                    <hr />,
                  ],
                  "md": "12",
                  "tag": "div",
                  "widths": Array [
                    "xs",
                    "sm",
                    "md",
                    "lg",
                    "xl",
                  ],
                },
                "ref": null,
                "rendered": Array [
                  Object {
                    "instance": null,
                    "key": undefined,
                    "nodeType": "host",
                    "props": Object {
                      "children": "Nová budova",
                    },
                    "ref": null,
                    "rendered": "Nová budova",
                    "type": "h3",
                  },
                  Object {
                    "instance": null,
                    "key": undefined,
                    "nodeType": "host",
                    "props": Object {},
                    "ref": null,
                    "rendered": null,
                    "type": "hr",
                  },
                ],
                "type": [Function],
              },
              "type": [Function],
            },
            Object {
              "instance": null,
              "key": undefined,
              "nodeType": "function",
              "props": Object {
                "children": <LabeledInput
                  label="Název"
                  maxLength="64"
                  onChange={[Function]}
                  onEnterPress={[Function]}
                  options={Array []}
                  size="12"
                  tooltip=""
                  type="text"
                  value=""
                />,
                "tag": "div",
              },
              "ref": null,
              "rendered": Object {
                "instance": null,
                "key": undefined,
                "nodeType": "class",
                "props": Object {
                  "label": "Název",
                  "maxLength": "64",
                  "onChange": [Function],
                  "onEnterPress": [Function],
                  "options": Array [],
                  "size": "12",
                  "tooltip": "",
                  "type": "text",
                  "value": "",
                },
                "ref": null,
                "rendered": null,
                "type": [Function],
              },
              "type": [Function],
            },
            Object {
              "instance": null,
              "key": undefined,
              "nodeType": "function",
              "props": Object {
                "children": null,
                "disabled": false,
                "onClose": [MockFunction] {
                  "calls": Array [
                    Array [],
                  ],
                  "results": Array [
                    Object {
                      "isThrow": false,
                      "value": undefined,
                    },
                  ],
                },
                "onProceed": [Function],
                "primaryLabel": "Přidat",
              },
              "ref": null,
              "rendered": null,
              "type": [Function],
            },
          ],
          "type": [Function],
        },
      ],
      "type": "div",
    },
  ],
  Symbol(enzyme.__options__): Object {
    "adapter": ReactSixteenAdapter {
      "options": Object {
        "enableComponentDidUpdateOnSetState": true,
        "lifecycles": Object {
          "componentDidUpdate": Object {
            "onSetState": true,
          },
          "getDerivedStateFromProps": true,
          "getSnapshotBeforeUpdate": true,
          "setState": Object {
            "skipsComponentDidUpdateOnNullish": true,
          },
        },
      },
    },
  },
}
`;
