// Jest Snapshot v1, https://goo.gl/fbAQLP

exports[`renders inside content with correct props 1`] = `
ShallowWrapper {
  Symbol(enzyme.__root__): [Circular],
  Symbol(enzyme.__unrendered__): <MassageModal
    active={true}
    facilityId={1}
    getCallback={[MockFunction]}
    massage={null}
    masseuses={
      Array [
        "test",
      ]
    }
    onToggle={[MockFunction]}
    withPortal={false}
  />,
  Symbol(enzyme.__renderer__): Object {
    "batchedUpdates": [Function],
    "getNode": [Function],
    "render": [Function],
    "simulateError": [Function],
    "simulateEvent": [Function],
    "unmount": [Function],
  },
  Symbol(enzyme.__node__): Object {
    "instance": null,
    "key": undefined,
    "nodeType": "host",
    "props": Object {
      "children": Array [
        <TooltipIconButton
          disabled={false}
          icon="plus"
          onClick={[MockFunction]}
          size="md"
          style={Object {}}
          tooltip="Vytvořit novou masáž"
        />,
        <ModalBody
          tag="div"
        >
          <Row
            tag="div"
          >
            <Col
              md="12"
              tag="div"
              widths={
                Array [
                  "xs",
                  "sm",
                  "md",
                  "lg",
                  "xl",
                ]
              }
            >
              <h3>
                Nová masáž
              </h3>
              <hr />
            </Col>
          </Row>
          <Row
            tag="div"
          >
            <LabeledInput
              label="Masér/Masérka"
              maxLength="64"
              onChange={[Function]}
              onEnterPress={[Function]}
              options={
                Array [
                  "test",
                ]
              }
              size="12"
              tooltip="Jméno maséra anebo masérky, který/á vykonává tuto masáž"
              type="text"
              value=""
            />
          </Row>
          <Row
            tag="div"
          >
            <LabeledDatetime
              dateFormat={false}
              disabled={false}
              label="Délka trvání"
              onChange={[Function]}
              onEnterPress={[Function]}
              size="3"
              tooltip="Jak dlouhá by měla masáž být"
              value={"1969-12-31T23:30:00.000Z"}
            />
          </Row>
          <Row
            tag="div"
          >
            <LabeledDatetime
              disabled={false}
              isValidDate={[Function]}
              label="Čas masáže"
              onChange={[Function]}
              onEnterPress={[Function]}
              size="4"
              tooltip="Kdy by se měla masáž konat"
              value={"1970-01-01T01:00:00.000Z"}
            />
          </Row>
          <ModalActions
            disabled={false}
            onClose={[MockFunction]}
            onProceed={[Function]}
            primaryLabel="Přidat"
          />
        </ModalBody>,
      ],
    },
    "ref": null,
    "rendered": Array [
      Object {
        "instance": null,
        "key": undefined,
        "nodeType": "class",
        "props": Object {
          "disabled": false,
          "icon": "plus",
          "onClick": [MockFunction],
          "size": "md",
          "style": Object {},
          "tooltip": "Vytvořit novou masáž",
        },
        "ref": null,
        "rendered": null,
        "type": [Function],
      },
      Object {
        "instance": null,
        "key": undefined,
        "nodeType": "function",
        "props": Object {
          "children": Array [
            <Row
              tag="div"
            >
              <Col
                md="12"
                tag="div"
                widths={
                  Array [
                    "xs",
                    "sm",
                    "md",
                    "lg",
                    "xl",
                  ]
                }
              >
                <h3>
                  Nová masáž
                </h3>
                <hr />
              </Col>
            </Row>,
            <Row
              tag="div"
            >
              <LabeledInput
                label="Masér/Masérka"
                maxLength="64"
                onChange={[Function]}
                onEnterPress={[Function]}
                options={
                  Array [
                    "test",
                  ]
                }
                size="12"
                tooltip="Jméno maséra anebo masérky, který/á vykonává tuto masáž"
                type="text"
                value=""
              />
            </Row>,
            <Row
              tag="div"
            >
              <LabeledDatetime
                dateFormat={false}
                disabled={false}
                label="Délka trvání"
                onChange={[Function]}
                onEnterPress={[Function]}
                size="3"
                tooltip="Jak dlouhá by měla masáž být"
                value={"1969-12-31T23:30:00.000Z"}
              />
            </Row>,
            <Row
              tag="div"
            >
              <LabeledDatetime
                disabled={false}
                isValidDate={[Function]}
                label="Čas masáže"
                onChange={[Function]}
                onEnterPress={[Function]}
                size="4"
                tooltip="Kdy by se měla masáž konat"
                value={"1970-01-01T01:00:00.000Z"}
              />
            </Row>,
            <ModalActions
              disabled={false}
              onClose={[MockFunction]}
              onProceed={[Function]}
              primaryLabel="Přidat"
            />,
          ],
          "tag": "div",
        },
        "ref": null,
        "rendered": Array [
          Object {
            "instance": null,
            "key": undefined,
            "nodeType": "function",
            "props": Object {
              "children": <Col
                md="12"
                tag="div"
                widths={
                  Array [
                    "xs",
                    "sm",
                    "md",
                    "lg",
                    "xl",
                  ]
                }
              >
                <h3>
                  Nová masáž
                </h3>
                <hr />
              </Col>,
              "tag": "div",
            },
            "ref": null,
            "rendered": Object {
              "instance": null,
              "key": undefined,
              "nodeType": "function",
              "props": Object {
                "children": Array [
                  <h3>
                    Nová masáž
                  </h3>,
                  <hr />,
                ],
                "md": "12",
                "tag": "div",
                "widths": Array [
                  "xs",
                  "sm",
                  "md",
                  "lg",
                  "xl",
                ],
              },
              "ref": null,
              "rendered": Array [
                Object {
                  "instance": null,
                  "key": undefined,
                  "nodeType": "host",
                  "props": Object {
                    "children": "Nová masáž",
                  },
                  "ref": null,
                  "rendered": "Nová masáž",
                  "type": "h3",
                },
                Object {
                  "instance": null,
                  "key": undefined,
                  "nodeType": "host",
                  "props": Object {},
                  "ref": null,
                  "rendered": null,
                  "type": "hr",
                },
              ],
              "type": [Function],
            },
            "type": [Function],
          },
          Object {
            "instance": null,
            "key": undefined,
            "nodeType": "function",
            "props": Object {
              "children": <LabeledInput
                label="Masér/Masérka"
                maxLength="64"
                onChange={[Function]}
                onEnterPress={[Function]}
                options={
                  Array [
                    "test",
                  ]
                }
                size="12"
                tooltip="Jméno maséra anebo masérky, který/á vykonává tuto masáž"
                type="text"
                value=""
              />,
              "tag": "div",
            },
            "ref": null,
            "rendered": Object {
              "instance": null,
              "key": undefined,
              "nodeType": "class",
              "props": Object {
                "label": "Masér/Masérka",
                "maxLength": "64",
                "onChange": [Function],
                "onEnterPress": [Function],
                "options": Array [
                  "test",
                ],
                "size": "12",
                "tooltip": "Jméno maséra anebo masérky, který/á vykonává tuto masáž",
                "type": "text",
                "value": "",
              },
              "ref": null,
              "rendered": null,
              "type": [Function],
            },
            "type": [Function],
          },
          Object {
            "instance": null,
            "key": undefined,
            "nodeType": "function",
            "props": Object {
              "children": <LabeledDatetime
                dateFormat={false}
                disabled={false}
                label="Délka trvání"
                onChange={[Function]}
                onEnterPress={[Function]}
                size="3"
                tooltip="Jak dlouhá by měla masáž být"
                value={"1969-12-31T23:30:00.000Z"}
              />,
              "tag": "div",
            },
            "ref": null,
            "rendered": Object {
              "instance": null,
              "key": undefined,
              "nodeType": "class",
              "props": Object {
                "dateFormat": false,
                "disabled": false,
                "label": "Délka trvání",
                "onChange": [Function],
                "onEnterPress": [Function],
                "size": "3",
                "tooltip": "Jak dlouhá by měla masáž být",
                "value": "1969-12-31T23:30:00.000Z",
              },
              "ref": null,
              "rendered": null,
              "type": [Function],
            },
            "type": [Function],
          },
          Object {
            "instance": null,
            "key": undefined,
            "nodeType": "function",
            "props": Object {
              "children": <LabeledDatetime
                disabled={false}
                isValidDate={[Function]}
                label="Čas masáže"
                onChange={[Function]}
                onEnterPress={[Function]}
                size="4"
                tooltip="Kdy by se měla masáž konat"
                value={"1970-01-01T01:00:00.000Z"}
              />,
              "tag": "div",
            },
            "ref": null,
            "rendered": Object {
              "instance": null,
              "key": undefined,
              "nodeType": "class",
              "props": Object {
                "disabled": false,
                "isValidDate": [Function],
                "label": "Čas masáže",
                "onChange": [Function],
                "onEnterPress": [Function],
                "size": "4",
                "tooltip": "Kdy by se měla masáž konat",
                "value": "1970-01-01T01:00:00.000Z",
              },
              "ref": null,
              "rendered": null,
              "type": [Function],
            },
            "type": [Function],
          },
          Object {
            "instance": null,
            "key": undefined,
            "nodeType": "function",
            "props": Object {
              "children": null,
              "disabled": false,
              "onClose": [MockFunction],
              "onProceed": [Function],
              "primaryLabel": "Přidat",
            },
            "ref": null,
            "rendered": null,
            "type": [Function],
          },
        ],
        "type": [Function],
      },
    ],
    "type": "span",
  },
  Symbol(enzyme.__nodes__): Array [
    Object {
      "instance": null,
      "key": undefined,
      "nodeType": "host",
      "props": Object {
        "children": Array [
          <TooltipIconButton
            disabled={false}
            icon="plus"
            onClick={[MockFunction]}
            size="md"
            style={Object {}}
            tooltip="Vytvořit novou masáž"
          />,
          <ModalBody
            tag="div"
          >
            <Row
              tag="div"
            >
              <Col
                md="12"
                tag="div"
                widths={
                  Array [
                    "xs",
                    "sm",
                    "md",
                    "lg",
                    "xl",
                  ]
                }
              >
                <h3>
                  Nová masáž
                </h3>
                <hr />
              </Col>
            </Row>
            <Row
              tag="div"
            >
              <LabeledInput
                label="Masér/Masérka"
                maxLength="64"
                onChange={[Function]}
                onEnterPress={[Function]}
                options={
                  Array [
                    "test",
                  ]
                }
                size="12"
                tooltip="Jméno maséra anebo masérky, který/á vykonává tuto masáž"
                type="text"
                value=""
              />
            </Row>
            <Row
              tag="div"
            >
              <LabeledDatetime
                dateFormat={false}
                disabled={false}
                label="Délka trvání"
                onChange={[Function]}
                onEnterPress={[Function]}
                size="3"
                tooltip="Jak dlouhá by měla masáž být"
                value={"1969-12-31T23:30:00.000Z"}
              />
            </Row>
            <Row
              tag="div"
            >
              <LabeledDatetime
                disabled={false}
                isValidDate={[Function]}
                label="Čas masáže"
                onChange={[Function]}
                onEnterPress={[Function]}
                size="4"
                tooltip="Kdy by se měla masáž konat"
                value={"1970-01-01T01:00:00.000Z"}
              />
            </Row>
            <ModalActions
              disabled={false}
              onClose={[MockFunction]}
              onProceed={[Function]}
              primaryLabel="Přidat"
            />
          </ModalBody>,
        ],
      },
      "ref": null,
      "rendered": Array [
        Object {
          "instance": null,
          "key": undefined,
          "nodeType": "class",
          "props": Object {
            "disabled": false,
            "icon": "plus",
            "onClick": [MockFunction],
            "size": "md",
            "style": Object {},
            "tooltip": "Vytvořit novou masáž",
          },
          "ref": null,
          "rendered": null,
          "type": [Function],
        },
        Object {
          "instance": null,
          "key": undefined,
          "nodeType": "function",
          "props": Object {
            "children": Array [
              <Row
                tag="div"
              >
                <Col
                  md="12"
                  tag="div"
                  widths={
                    Array [
                      "xs",
                      "sm",
                      "md",
                      "lg",
                      "xl",
                    ]
                  }
                >
                  <h3>
                    Nová masáž
                  </h3>
                  <hr />
                </Col>
              </Row>,
              <Row
                tag="div"
              >
                <LabeledInput
                  label="Masér/Masérka"
                  maxLength="64"
                  onChange={[Function]}
                  onEnterPress={[Function]}
                  options={
                    Array [
                      "test",
                    ]
                  }
                  size="12"
                  tooltip="Jméno maséra anebo masérky, který/á vykonává tuto masáž"
                  type="text"
                  value=""
                />
              </Row>,
              <Row
                tag="div"
              >
                <LabeledDatetime
                  dateFormat={false}
                  disabled={false}
                  label="Délka trvání"
                  onChange={[Function]}
                  onEnterPress={[Function]}
                  size="3"
                  tooltip="Jak dlouhá by měla masáž být"
                  value={"1969-12-31T23:30:00.000Z"}
                />
              </Row>,
              <Row
                tag="div"
              >
                <LabeledDatetime
                  disabled={false}
                  isValidDate={[Function]}
                  label="Čas masáže"
                  onChange={[Function]}
                  onEnterPress={[Function]}
                  size="4"
                  tooltip="Kdy by se měla masáž konat"
                  value={"1970-01-01T01:00:00.000Z"}
                />
              </Row>,
              <ModalActions
                disabled={false}
                onClose={[MockFunction]}
                onProceed={[Function]}
                primaryLabel="Přidat"
              />,
            ],
            "tag": "div",
          },
          "ref": null,
          "rendered": Array [
            Object {
              "instance": null,
              "key": undefined,
              "nodeType": "function",
              "props": Object {
                "children": <Col
                  md="12"
                  tag="div"
                  widths={
                    Array [
                      "xs",
                      "sm",
                      "md",
                      "lg",
                      "xl",
                    ]
                  }
                >
                  <h3>
                    Nová masáž
                  </h3>
                  <hr />
                </Col>,
                "tag": "div",
              },
              "ref": null,
              "rendered": Object {
                "instance": null,
                "key": undefined,
                "nodeType": "function",
                "props": Object {
                  "children": Array [
                    <h3>
                      Nová masáž
                    </h3>,
                    <hr />,
                  ],
                  "md": "12",
                  "tag": "div",
                  "widths": Array [
                    "xs",
                    "sm",
                    "md",
                    "lg",
                    "xl",
                  ],
                },
                "ref": null,
                "rendered": Array [
                  Object {
                    "instance": null,
                    "key": undefined,
                    "nodeType": "host",
                    "props": Object {
                      "children": "Nová masáž",
                    },
                    "ref": null,
                    "rendered": "Nová masáž",
                    "type": "h3",
                  },
                  Object {
                    "instance": null,
                    "key": undefined,
                    "nodeType": "host",
                    "props": Object {},
                    "ref": null,
                    "rendered": null,
                    "type": "hr",
                  },
                ],
                "type": [Function],
              },
              "type": [Function],
            },
            Object {
              "instance": null,
              "key": undefined,
              "nodeType": "function",
              "props": Object {
                "children": <LabeledInput
                  label="Masér/Masérka"
                  maxLength="64"
                  onChange={[Function]}
                  onEnterPress={[Function]}
                  options={
                    Array [
                      "test",
                    ]
                  }
                  size="12"
                  tooltip="Jméno maséra anebo masérky, který/á vykonává tuto masáž"
                  type="text"
                  value=""
                />,
                "tag": "div",
              },
              "ref": null,
              "rendered": Object {
                "instance": null,
                "key": undefined,
                "nodeType": "class",
                "props": Object {
                  "label": "Masér/Masérka",
                  "maxLength": "64",
                  "onChange": [Function],
                  "onEnterPress": [Function],
                  "options": Array [
                    "test",
                  ],
                  "size": "12",
                  "tooltip": "Jméno maséra anebo masérky, který/á vykonává tuto masáž",
                  "type": "text",
                  "value": "",
                },
                "ref": null,
                "rendered": null,
                "type": [Function],
              },
              "type": [Function],
            },
            Object {
              "instance": null,
              "key": undefined,
              "nodeType": "function",
              "props": Object {
                "children": <LabeledDatetime
                  dateFormat={false}
                  disabled={false}
                  label="Délka trvání"
                  onChange={[Function]}
                  onEnterPress={[Function]}
                  size="3"
                  tooltip="Jak dlouhá by měla masáž být"
                  value={"1969-12-31T23:30:00.000Z"}
                />,
                "tag": "div",
              },
              "ref": null,
              "rendered": Object {
                "instance": null,
                "key": undefined,
                "nodeType": "class",
                "props": Object {
                  "dateFormat": false,
                  "disabled": false,
                  "label": "Délka trvání",
                  "onChange": [Function],
                  "onEnterPress": [Function],
                  "size": "3",
                  "tooltip": "Jak dlouhá by měla masáž být",
                  "value": "1969-12-31T23:30:00.000Z",
                },
                "ref": null,
                "rendered": null,
                "type": [Function],
              },
              "type": [Function],
            },
            Object {
              "instance": null,
              "key": undefined,
              "nodeType": "function",
              "props": Object {
                "children": <LabeledDatetime
                  disabled={false}
                  isValidDate={[Function]}
                  label="Čas masáže"
                  onChange={[Function]}
                  onEnterPress={[Function]}
                  size="4"
                  tooltip="Kdy by se měla masáž konat"
                  value={"1970-01-01T01:00:00.000Z"}
                />,
                "tag": "div",
              },
              "ref": null,
              "rendered": Object {
                "instance": null,
                "key": undefined,
                "nodeType": "class",
                "props": Object {
                  "disabled": false,
                  "isValidDate": [Function],
                  "label": "Čas masáže",
                  "onChange": [Function],
                  "onEnterPress": [Function],
                  "size": "4",
                  "tooltip": "Kdy by se měla masáž konat",
                  "value": "1970-01-01T01:00:00.000Z",
                },
                "ref": null,
                "rendered": null,
                "type": [Function],
              },
              "type": [Function],
            },
            Object {
              "instance": null,
              "key": undefined,
              "nodeType": "function",
              "props": Object {
                "children": null,
                "disabled": false,
                "onClose": [MockFunction],
                "onProceed": [Function],
                "primaryLabel": "Přidat",
              },
              "ref": null,
              "rendered": null,
              "type": [Function],
            },
          ],
          "type": [Function],
        },
      ],
      "type": "span",
    },
  ],
  Symbol(enzyme.__options__): Object {
    "adapter": ReactSixteenAdapter {
      "options": Object {
        "enableComponentDidUpdateOnSetState": true,
        "lifecycles": Object {
          "componentDidUpdate": Object {
            "onSetState": true,
          },
          "getDerivedStateFromProps": true,
          "getSnapshotBeforeUpdate": true,
          "setState": Object {
            "skipsComponentDidUpdateOnNullish": true,
          },
        },
      },
    },
  },
}
`;
