// Jest Snapshot v1, https://goo.gl/fbAQLP

exports[`renders content with correct props 1`] = `
ShallowWrapper {
  Symbol(enzyme.__root__): [Circular],
  Symbol(enzyme.__unrendered__): <FacilityRow
    facility={
      Object {
        "name": "test",
      }
    }
    onDelete={[MockFunction]}
    onEdit={[MockFunction]}
  />,
  Symbol(enzyme.__renderer__): Object {
    "batchedUpdates": [Function],
    "getNode": [Function],
    "render": [Function],
    "simulateError": [Function],
    "simulateEvent": [Function],
    "unmount": [Function],
  },
  Symbol(enzyme.__node__): Object {
    "instance": null,
    "key": undefined,
    "nodeType": "host",
    "props": Object {
      "children": Array [
        <td>
          test
        </td>,
        <td
          width="105px"
        >
          <span
            className="float-right"
          >
            <TooltipIconButton
              disabled={false}
              icon="edit"
              onClick={[MockFunction]}
              size="sm"
              style={
                Object {
                  "border": "0px solid transparent",
                }
              }
              tooltip="Edit"
            />
            <ConfirmationIconButton
              className="ml-2"
              dialogMessage="Are you sure? This action cannot be reverted."
              icon="trash"
              onConfirm={[MockFunction]}
              tooltip="Delete"
            />
          </span>
        </td>,
      ],
    },
    "ref": null,
    "rendered": Array [
      Object {
        "instance": null,
        "key": undefined,
        "nodeType": "host",
        "props": Object {
          "children": "test",
        },
        "ref": null,
        "rendered": "test",
        "type": "td",
      },
      Object {
        "instance": null,
        "key": undefined,
        "nodeType": "host",
        "props": Object {
          "children": <span
            className="float-right"
          >
            <TooltipIconButton
              disabled={false}
              icon="edit"
              onClick={[MockFunction]}
              size="sm"
              style={
                Object {
                  "border": "0px solid transparent",
                }
              }
              tooltip="Edit"
            />
            <ConfirmationIconButton
              className="ml-2"
              dialogMessage="Are you sure? This action cannot be reverted."
              icon="trash"
              onConfirm={[MockFunction]}
              tooltip="Delete"
            />
          </span>,
          "width": "105px",
        },
        "ref": null,
        "rendered": Object {
          "instance": null,
          "key": undefined,
          "nodeType": "host",
          "props": Object {
            "children": Array [
              <TooltipIconButton
                disabled={false}
                icon="edit"
                onClick={[MockFunction]}
                size="sm"
                style={
                  Object {
                    "border": "0px solid transparent",
                  }
                }
                tooltip="Edit"
              />,
              <ConfirmationIconButton
                className="ml-2"
                dialogMessage="Are you sure? This action cannot be reverted."
                icon="trash"
                onConfirm={[MockFunction]}
                tooltip="Delete"
              />,
            ],
            "className": "float-right",
          },
          "ref": null,
          "rendered": Array [
            Object {
              "instance": null,
              "key": undefined,
              "nodeType": "class",
              "props": Object {
                "disabled": false,
                "icon": "edit",
                "onClick": [MockFunction],
                "size": "sm",
                "style": Object {
                  "border": "0px solid transparent",
                },
                "tooltip": "Edit",
              },
              "ref": null,
              "rendered": null,
              "type": [Function],
            },
            Object {
              "instance": null,
              "key": undefined,
              "nodeType": "class",
              "props": Object {
                "className": "ml-2",
                "dialogMessage": "Are you sure? This action cannot be reverted.",
                "icon": "trash",
                "onConfirm": [MockFunction],
                "tooltip": "Delete",
              },
              "ref": null,
              "rendered": null,
              "type": [Function],
            },
          ],
          "type": "span",
        },
        "type": "td",
      },
    ],
    "type": "tr",
  },
  Symbol(enzyme.__nodes__): Array [
    Object {
      "instance": null,
      "key": undefined,
      "nodeType": "host",
      "props": Object {
        "children": Array [
          <td>
            test
          </td>,
          <td
            width="105px"
          >
            <span
              className="float-right"
            >
              <TooltipIconButton
                disabled={false}
                icon="edit"
                onClick={[MockFunction]}
                size="sm"
                style={
                  Object {
                    "border": "0px solid transparent",
                  }
                }
                tooltip="Edit"
              />
              <ConfirmationIconButton
                className="ml-2"
                dialogMessage="Are you sure? This action cannot be reverted."
                icon="trash"
                onConfirm={[MockFunction]}
                tooltip="Delete"
              />
            </span>
          </td>,
        ],
      },
      "ref": null,
      "rendered": Array [
        Object {
          "instance": null,
          "key": undefined,
          "nodeType": "host",
          "props": Object {
            "children": "test",
          },
          "ref": null,
          "rendered": "test",
          "type": "td",
        },
        Object {
          "instance": null,
          "key": undefined,
          "nodeType": "host",
          "props": Object {
            "children": <span
              className="float-right"
            >
              <TooltipIconButton
                disabled={false}
                icon="edit"
                onClick={[MockFunction]}
                size="sm"
                style={
                  Object {
                    "border": "0px solid transparent",
                  }
                }
                tooltip="Edit"
              />
              <ConfirmationIconButton
                className="ml-2"
                dialogMessage="Are you sure? This action cannot be reverted."
                icon="trash"
                onConfirm={[MockFunction]}
                tooltip="Delete"
              />
            </span>,
            "width": "105px",
          },
          "ref": null,
          "rendered": Object {
            "instance": null,
            "key": undefined,
            "nodeType": "host",
            "props": Object {
              "children": Array [
                <TooltipIconButton
                  disabled={false}
                  icon="edit"
                  onClick={[MockFunction]}
                  size="sm"
                  style={
                    Object {
                      "border": "0px solid transparent",
                    }
                  }
                  tooltip="Edit"
                />,
                <ConfirmationIconButton
                  className="ml-2"
                  dialogMessage="Are you sure? This action cannot be reverted."
                  icon="trash"
                  onConfirm={[MockFunction]}
                  tooltip="Delete"
                />,
              ],
              "className": "float-right",
            },
            "ref": null,
            "rendered": Array [
              Object {
                "instance": null,
                "key": undefined,
                "nodeType": "class",
                "props": Object {
                  "disabled": false,
                  "icon": "edit",
                  "onClick": [MockFunction],
                  "size": "sm",
                  "style": Object {
                    "border": "0px solid transparent",
                  },
                  "tooltip": "Edit",
                },
                "ref": null,
                "rendered": null,
                "type": [Function],
              },
              Object {
                "instance": null,
                "key": undefined,
                "nodeType": "class",
                "props": Object {
                  "className": "ml-2",
                  "dialogMessage": "Are you sure? This action cannot be reverted.",
                  "icon": "trash",
                  "onConfirm": [MockFunction],
                  "tooltip": "Delete",
                },
                "ref": null,
                "rendered": null,
                "type": [Function],
              },
            ],
            "type": "span",
          },
          "type": "td",
        },
      ],
      "type": "tr",
    },
  ],
  Symbol(enzyme.__options__): Object {
    "adapter": ReactSixteenAdapter {
      "options": Object {
        "enableComponentDidUpdateOnSetState": true,
        "lifecycles": Object {
          "componentDidUpdate": Object {
            "onSetState": true,
          },
          "getDerivedStateFromProps": true,
          "getSnapshotBeforeUpdate": true,
          "setState": Object {
            "skipsComponentDidUpdateOnNullish": true,
          },
        },
      },
    },
  },
}
`;
