// Jest Snapshot v1, https://goo.gl/fbAQLP

exports[`renders content with correct props and funcionality 1`] = `
ShallowWrapper {
  Symbol(enzyme.__root__): [Circular],
  Symbol(enzyme.__unrendered__): <CalendarPanel
    allowEditation={true}
    events={
        Array [
            Object {
              "bgColor": "white",
              "massage": Object {
                "client": null,
                "date": 1970-01-01T00:00:00.000Z,
                "ending": 1970-01-01T00:00:01.000Z,
                "facility": Object {
                  "id": 1,
                  "name": "test",
                },
                "id": 1,
                "masseuse": "test",
              },
            },
            Object {
              "bgColor": "black",
              "massage": Object {
                "client": Object {
                  "sub": "test",
                },
                "date": 1970-01-01T00:00:01.000Z,
                "ending": 1970-01-01T00:00:02.000Z,
                "facility": Object {
                  "id": 1,
                  "name": "test",
                },
                "id": 2,
              },
            },
            Object {
              "bgColor": "yellow",
              "massage": Object {
                "client": Object {
                  "sub": "test2",
                },
                "date": 1970-01-01T00:00:02.000Z,
                "ending": 1970-01-01T00:00:03.000Z,
                "facility": Object {
                  "id": 1,
                  "name": "test",
                },
                "id": 3,
              },
            },
          ]
    }
    massageMinutes={0}
    onAdd={[Function]}
    onAssign={[Function]}
    onCancel={[Function]}
    onDateChange={[Function]}
    onDelete={[Function]}
    onEdit={[Function]}
    onSelect={[Function]}
    selectEvents={true}
    selected={Array []}
/>,
  Symbol(enzyme.__renderer__): Object {
    "batchedUpdates": [Function],
    "getNode": [Function],
    "render": [Function],
    "simulateEvent": [Function],
    "unmount": [Function],
  },
  Symbol(enzyme.__node__): Object {
    "instance": null,
    "key": undefined,
    "nodeType": "host",
    "props": Object {
      "children": Array [
        <CalendarToolbar
          leftAction={[Function]}
          leftDisabled={false}
          month="Invalid date"
          monthActive={true}
          onViewChange={[Function]}
          rightAction={[Function]}
          rightDisabled={false}
/>,
        <Uncontrolled(Calendar)
          date={null}
          endAccessor={[Function]}
          eventPropGetter={[Function]}
          events={
                    Array [
                              Object {
                                "bgColor": "white",
                                "massage": Object {
                                  "client": null,
                                  "date": 1970-01-01T00:00:00.000Z,
                                  "ending": 1970-01-01T00:00:01.000Z,
                                  "facility": Object {
                                    "id": 1,
                                    "name": "test",
                                  },
                                  "id": 1,
                                  "masseuse": "test",
                                },
                              },
                              Object {
                                "bgColor": "black",
                                "massage": Object {
                                  "client": Object {
                                    "sub": "test",
                                  },
                                  "date": 1970-01-01T00:00:01.000Z,
                                  "ending": 1970-01-01T00:00:02.000Z,
                                  "facility": Object {
                                    "id": 1,
                                    "name": "test",
                                  },
                                  "id": 2,
                                },
                              },
                              Object {
                                "bgColor": "yellow",
                                "massage": Object {
                                  "client": Object {
                                    "sub": "test2",
                                  },
                                  "date": 1970-01-01T00:00:02.000Z,
                                  "ending": 1970-01-01T00:00:03.000Z,
                                  "facility": Object {
                                    "id": 1,
                                    "name": "test",
                                  },
                                  "id": 3,
                                },
                              },
                            ]
          }
          max={2018-01-01T17:00:00.000Z}
          messages={
                    Object {
                              "allDay": "Celý den",
                              "date": "Datum",
                              "event": "Událost",
                              "month": "Měsíc",
                              "next": ">",
                              "previous": "<",
                              "showMore": [Function],
                              "time": "Čas",
                              "today": "Dnes",
                              "work_week": "Týden",
                            }
          }
          min={2018-01-01T07:30:00.000Z}
          onNavigate={[Function]}
          onSelectEvent={[Function]}
          onSelectSlot={[Function]}
          onView={[Function]}
          popup={true}
          selectable={false}
          startAccessor={[Function]}
          style={
                    Object {
                              "height": "85vh",
                            }
          }
          timeslots={1}
          titleAccessor={[Function]}
          toolbar={false}
          view="month"
          views={
                    Array [
                              "work_week",
                              "month",
                            ]
          }
/>,
        <div
          className="row text-center"
          style={
                    Object {
                              "marginTop": "16px",
                            }
          }
>
          <div
                    className="col-md-12"
          >
                    <strong>
                              Legenda:
                    </strong>
                    <span
                              style={
                                        Object {
                                                  "backgroundColor": "#2fad2f",
                                                  "borderRadius": "4px",
                                                  "marginLeft": "8px",
                                                  "padding": "8px",
                                                }
                              }
                    >
                              Volná masáž
                    </span>
                    <span
                              style={
                                        Object {
                                                  "backgroundColor": "#ee9d2a",
                                                  "borderRadius": "4px",
                                                  "marginLeft": "8px",
                                                  "padding": "8px",
                                                }
                              }
                    >
                              Moje masáž
                    </span>
                    <span
                              style={
                                        Object {
                                                  "backgroundColor": "#d10a14",
                                                  "borderRadius": "4px",
                                                  "marginLeft": "8px",
                                                  "padding": "8px",
                                                }
                              }
                    >
                              Přiřazená masáž
                    </span>
          </div>
</div>,
        "",
      ],
      "style": Object {
        "marginBottom": "5vh",
        "marginTop": "10px",
      },
    },
    "ref": null,
    "rendered": Array [
      Object {
        "instance": null,
        "key": undefined,
        "nodeType": "function",
        "props": Object {
          "leftAction": [Function],
          "leftDisabled": false,
          "month": "Invalid date",
          "monthActive": true,
          "onViewChange": [Function],
          "rightAction": [Function],
          "rightDisabled": false,
        },
        "ref": null,
        "rendered": null,
        "type": [Function],
      },
      Object {
        "instance": null,
        "key": undefined,
        "nodeType": "class",
        "props": Object {
          "date": null,
          "endAccessor": [Function],
          "eventPropGetter": [Function],
          "events": Array [
            Object {
              "bgColor": "white",
              "massage": Object {
                "client": null,
                "date": 1970-01-01T00:00:00.000Z,
                "ending": 1970-01-01T00:00:01.000Z,
                "facility": Object {
                  "id": 1,
                  "name": "test",
                },
                "id": 1,
                "masseuse": "test",
              },
            },
            Object {
              "bgColor": "black",
              "massage": Object {
                "client": Object {
                  "sub": "test",
                },
                "date": 1970-01-01T00:00:01.000Z,
                "ending": 1970-01-01T00:00:02.000Z,
                "facility": Object {
                  "id": 1,
                  "name": "test",
                },
                "id": 2,
              },
            },
            Object {
              "bgColor": "yellow",
              "massage": Object {
                "client": Object {
                  "sub": "test2",
                },
                "date": 1970-01-01T00:00:02.000Z,
                "ending": 1970-01-01T00:00:03.000Z,
                "facility": Object {
                  "id": 1,
                  "name": "test",
                },
                "id": 3,
              },
            },
          ],
          "max": 2018-01-01T17:00:00.000Z,
          "messages": Object {
            "allDay": "Celý den",
            "date": "Datum",
            "event": "Událost",
            "month": "Měsíc",
            "next": ">",
            "previous": "<",
            "showMore": [Function],
            "time": "Čas",
            "today": "Dnes",
            "work_week": "Týden",
          },
          "min": 2018-01-01T07:30:00.000Z,
          "onNavigate": [Function],
          "onSelectEvent": [Function],
          "onSelectSlot": [Function],
          "onView": [Function],
          "popup": true,
          "selectable": false,
          "startAccessor": [Function],
          "style": Object {
            "height": "85vh",
          },
          "timeslots": 1,
          "titleAccessor": [Function],
          "toolbar": false,
          "view": "month",
          "views": Array [
            "work_week",
            "month",
          ],
        },
        "ref": null,
        "rendered": null,
        "type": [Function],
      },
      Object {
        "instance": null,
        "key": undefined,
        "nodeType": "host",
        "props": Object {
          "children": <div
            className="col-md-12"
>
            <strong>
                        Legenda:
            </strong>
            <span
                        style={
                                    Object {
                                                "backgroundColor": "#2fad2f",
                                                "borderRadius": "4px",
                                                "marginLeft": "8px",
                                                "padding": "8px",
                                              }
                        }
            >
                        Volná masáž
            </span>
            <span
                        style={
                                    Object {
                                                "backgroundColor": "#ee9d2a",
                                                "borderRadius": "4px",
                                                "marginLeft": "8px",
                                                "padding": "8px",
                                              }
                        }
            >
                        Moje masáž
            </span>
            <span
                        style={
                                    Object {
                                                "backgroundColor": "#d10a14",
                                                "borderRadius": "4px",
                                                "marginLeft": "8px",
                                                "padding": "8px",
                                              }
                        }
            >
                        Přiřazená masáž
            </span>
</div>,
          "className": "row text-center",
          "style": Object {
            "marginTop": "16px",
          },
        },
        "ref": null,
        "rendered": Object {
          "instance": null,
          "key": undefined,
          "nodeType": "host",
          "props": Object {
            "children": Array [
              <strong>
                Legenda:
</strong>,
              <span
                style={
                                Object {
                                                "backgroundColor": "#2fad2f",
                                                "borderRadius": "4px",
                                                "marginLeft": "8px",
                                                "padding": "8px",
                                              }
                }
>
                Volná masáž
</span>,
              <span
                style={
                                Object {
                                                "backgroundColor": "#ee9d2a",
                                                "borderRadius": "4px",
                                                "marginLeft": "8px",
                                                "padding": "8px",
                                              }
                }
>
                Moje masáž
</span>,
              <span
                style={
                                Object {
                                                "backgroundColor": "#d10a14",
                                                "borderRadius": "4px",
                                                "marginLeft": "8px",
                                                "padding": "8px",
                                              }
                }
>
                Přiřazená masáž
</span>,
            ],
            "className": "col-md-12",
          },
          "ref": null,
          "rendered": Array [
            Object {
              "instance": null,
              "key": undefined,
              "nodeType": "host",
              "props": Object {
                "children": "Legenda:",
              },
              "ref": null,
              "rendered": "Legenda:",
              "type": "strong",
            },
            Object {
              "instance": null,
              "key": undefined,
              "nodeType": "host",
              "props": Object {
                "children": "Volná masáž",
                "style": Object {
                  "backgroundColor": "#2fad2f",
                  "borderRadius": "4px",
                  "marginLeft": "8px",
                  "padding": "8px",
                },
              },
              "ref": null,
              "rendered": "Volná masáž",
              "type": "span",
            },
            Object {
              "instance": null,
              "key": undefined,
              "nodeType": "host",
              "props": Object {
                "children": "Moje masáž",
                "style": Object {
                  "backgroundColor": "#ee9d2a",
                  "borderRadius": "4px",
                  "marginLeft": "8px",
                  "padding": "8px",
                },
              },
              "ref": null,
              "rendered": "Moje masáž",
              "type": "span",
            },
            Object {
              "instance": null,
              "key": undefined,
              "nodeType": "host",
              "props": Object {
                "children": "Přiřazená masáž",
                "style": Object {
                  "backgroundColor": "#d10a14",
                  "borderRadius": "4px",
                  "marginLeft": "8px",
                  "padding": "8px",
                },
              },
              "ref": null,
              "rendered": "Přiřazená masáž",
              "type": "span",
            },
          ],
          "type": "div",
        },
        "type": "div",
      },
      "",
    ],
    "type": "div",
  },
  Symbol(enzyme.__nodes__): Array [
    Object {
      "instance": null,
      "key": undefined,
      "nodeType": "host",
      "props": Object {
        "children": Array [
          <CalendarToolbar
            leftAction={[Function]}
            leftDisabled={false}
            month="Invalid date"
            monthActive={true}
            onViewChange={[Function]}
            rightAction={[Function]}
            rightDisabled={false}
/>,
          <Uncontrolled(Calendar)
            date={null}
            endAccessor={[Function]}
            eventPropGetter={[Function]}
            events={
                        Array [
                                    Object {
                                      "bgColor": "white",
                                      "massage": Object {
                                        "client": null,
                                        "date": 1970-01-01T00:00:00.000Z,
                                        "ending": 1970-01-01T00:00:01.000Z,
                                        "facility": Object {
                                          "id": 1,
                                          "name": "test",
                                        },
                                        "id": 1,
                                        "masseuse": "test",
                                      },
                                    },
                                    Object {
                                      "bgColor": "black",
                                      "massage": Object {
                                        "client": Object {
                                          "sub": "test",
                                        },
                                        "date": 1970-01-01T00:00:01.000Z,
                                        "ending": 1970-01-01T00:00:02.000Z,
                                        "facility": Object {
                                          "id": 1,
                                          "name": "test",
                                        },
                                        "id": 2,
                                      },
                                    },
                                    Object {
                                      "bgColor": "yellow",
                                      "massage": Object {
                                        "client": Object {
                                          "sub": "test2",
                                        },
                                        "date": 1970-01-01T00:00:02.000Z,
                                        "ending": 1970-01-01T00:00:03.000Z,
                                        "facility": Object {
                                          "id": 1,
                                          "name": "test",
                                        },
                                        "id": 3,
                                      },
                                    },
                                  ]
            }
            max={2018-01-01T17:00:00.000Z}
            messages={
                        Object {
                                    "allDay": "Celý den",
                                    "date": "Datum",
                                    "event": "Událost",
                                    "month": "Měsíc",
                                    "next": ">",
                                    "previous": "<",
                                    "showMore": [Function],
                                    "time": "Čas",
                                    "today": "Dnes",
                                    "work_week": "Týden",
                                  }
            }
            min={2018-01-01T07:30:00.000Z}
            onNavigate={[Function]}
            onSelectEvent={[Function]}
            onSelectSlot={[Function]}
            onView={[Function]}
            popup={true}
            selectable={false}
            startAccessor={[Function]}
            style={
                        Object {
                                    "height": "85vh",
                                  }
            }
            timeslots={1}
            titleAccessor={[Function]}
            toolbar={false}
            view="month"
            views={
                        Array [
                                    "work_week",
                                    "month",
                                  ]
            }
/>,
          <div
            className="row text-center"
            style={
                        Object {
                                    "marginTop": "16px",
                                  }
            }
>
            <div
                        className="col-md-12"
            >
                        <strong>
                                    Legenda:
                        </strong>
                        <span
                                    style={
                                                Object {
                                                            "backgroundColor": "#2fad2f",
                                                            "borderRadius": "4px",
                                                            "marginLeft": "8px",
                                                            "padding": "8px",
                                                          }
                                    }
                        >
                                    Volná masáž
                        </span>
                        <span
                                    style={
                                                Object {
                                                            "backgroundColor": "#ee9d2a",
                                                            "borderRadius": "4px",
                                                            "marginLeft": "8px",
                                                            "padding": "8px",
                                                          }
                                    }
                        >
                                    Moje masáž
                        </span>
                        <span
                                    style={
                                                Object {
                                                            "backgroundColor": "#d10a14",
                                                            "borderRadius": "4px",
                                                            "marginLeft": "8px",
                                                            "padding": "8px",
                                                          }
                                    }
                        >
                                    Přiřazená masáž
                        </span>
            </div>
</div>,
          "",
        ],
        "style": Object {
          "marginBottom": "5vh",
          "marginTop": "10px",
        },
      },
      "ref": null,
      "rendered": Array [
        Object {
          "instance": null,
          "key": undefined,
          "nodeType": "function",
          "props": Object {
            "leftAction": [Function],
            "leftDisabled": false,
            "month": "Invalid date",
            "monthActive": true,
            "onViewChange": [Function],
            "rightAction": [Function],
            "rightDisabled": false,
          },
          "ref": null,
          "rendered": null,
          "type": [Function],
        },
        Object {
          "instance": null,
          "key": undefined,
          "nodeType": "class",
          "props": Object {
            "date": null,
            "endAccessor": [Function],
            "eventPropGetter": [Function],
            "events": Array [
              Object {
                "bgColor": "white",
                "massage": Object {
                  "client": null,
                  "date": 1970-01-01T00:00:00.000Z,
                  "ending": 1970-01-01T00:00:01.000Z,
                  "facility": Object {
                    "id": 1,
                    "name": "test",
                  },
                  "id": 1,
                  "masseuse": "test",
                },
              },
              Object {
                "bgColor": "black",
                "massage": Object {
                  "client": Object {
                    "sub": "test",
                  },
                  "date": 1970-01-01T00:00:01.000Z,
                  "ending": 1970-01-01T00:00:02.000Z,
                  "facility": Object {
                    "id": 1,
                    "name": "test",
                  },
                  "id": 2,
                },
              },
              Object {
                "bgColor": "yellow",
                "massage": Object {
                  "client": Object {
                    "sub": "test2",
                  },
                  "date": 1970-01-01T00:00:02.000Z,
                  "ending": 1970-01-01T00:00:03.000Z,
                  "facility": Object {
                    "id": 1,
                    "name": "test",
                  },
                  "id": 3,
                },
              },
            ],
            "max": 2018-01-01T17:00:00.000Z,
            "messages": Object {
              "allDay": "Celý den",
              "date": "Datum",
              "event": "Událost",
              "month": "Měsíc",
              "next": ">",
              "previous": "<",
              "showMore": [Function],
              "time": "Čas",
              "today": "Dnes",
              "work_week": "Týden",
            },
            "min": 2018-01-01T07:30:00.000Z,
            "onNavigate": [Function],
            "onSelectEvent": [Function],
            "onSelectSlot": [Function],
            "onView": [Function],
            "popup": true,
            "selectable": false,
            "startAccessor": [Function],
            "style": Object {
              "height": "85vh",
            },
            "timeslots": 1,
            "titleAccessor": [Function],
            "toolbar": false,
            "view": "month",
            "views": Array [
              "work_week",
              "month",
            ],
          },
          "ref": null,
          "rendered": null,
          "type": [Function],
        },
        Object {
          "instance": null,
          "key": undefined,
          "nodeType": "host",
          "props": Object {
            "children": <div
              className="col-md-12"
>
              <strong>
                            Legenda:
              </strong>
              <span
                            style={
                                          Object {
                                                        "backgroundColor": "#2fad2f",
                                                        "borderRadius": "4px",
                                                        "marginLeft": "8px",
                                                        "padding": "8px",
                                                      }
                            }
              >
                            Volná masáž
              </span>
              <span
                            style={
                                          Object {
                                                        "backgroundColor": "#ee9d2a",
                                                        "borderRadius": "4px",
                                                        "marginLeft": "8px",
                                                        "padding": "8px",
                                                      }
                            }
              >
                            Moje masáž
              </span>
              <span
                            style={
                                          Object {
                                                        "backgroundColor": "#d10a14",
                                                        "borderRadius": "4px",
                                                        "marginLeft": "8px",
                                                        "padding": "8px",
                                                      }
                            }
              >
                            Přiřazená masáž
              </span>
</div>,
            "className": "row text-center",
            "style": Object {
              "marginTop": "16px",
            },
          },
          "ref": null,
          "rendered": Object {
            "instance": null,
            "key": undefined,
            "nodeType": "host",
            "props": Object {
              "children": Array [
                <strong>
                  Legenda:
</strong>,
                <span
                  style={
                                    Object {
                                                      "backgroundColor": "#2fad2f",
                                                      "borderRadius": "4px",
                                                      "marginLeft": "8px",
                                                      "padding": "8px",
                                                    }
                  }
>
                  Volná masáž
</span>,
                <span
                  style={
                                    Object {
                                                      "backgroundColor": "#ee9d2a",
                                                      "borderRadius": "4px",
                                                      "marginLeft": "8px",
                                                      "padding": "8px",
                                                    }
                  }
>
                  Moje masáž
</span>,
                <span
                  style={
                                    Object {
                                                      "backgroundColor": "#d10a14",
                                                      "borderRadius": "4px",
                                                      "marginLeft": "8px",
                                                      "padding": "8px",
                                                    }
                  }
>
                  Přiřazená masáž
</span>,
              ],
              "className": "col-md-12",
            },
            "ref": null,
            "rendered": Array [
              Object {
                "instance": null,
                "key": undefined,
                "nodeType": "host",
                "props": Object {
                  "children": "Legenda:",
                },
                "ref": null,
                "rendered": "Legenda:",
                "type": "strong",
              },
              Object {
                "instance": null,
                "key": undefined,
                "nodeType": "host",
                "props": Object {
                  "children": "Volná masáž",
                  "style": Object {
                    "backgroundColor": "#2fad2f",
                    "borderRadius": "4px",
                    "marginLeft": "8px",
                    "padding": "8px",
                  },
                },
                "ref": null,
                "rendered": "Volná masáž",
                "type": "span",
              },
              Object {
                "instance": null,
                "key": undefined,
                "nodeType": "host",
                "props": Object {
                  "children": "Moje masáž",
                  "style": Object {
                    "backgroundColor": "#ee9d2a",
                    "borderRadius": "4px",
                    "marginLeft": "8px",
                    "padding": "8px",
                  },
                },
                "ref": null,
                "rendered": "Moje masáž",
                "type": "span",
              },
              Object {
                "instance": null,
                "key": undefined,
                "nodeType": "host",
                "props": Object {
                  "children": "Přiřazená masáž",
                  "style": Object {
                    "backgroundColor": "#d10a14",
                    "borderRadius": "4px",
                    "marginLeft": "8px",
                    "padding": "8px",
                  },
                },
                "ref": null,
                "rendered": "Přiřazená masáž",
                "type": "span",
              },
            ],
            "type": "div",
          },
          "type": "div",
        },
        "",
      ],
      "type": "div",
    },
  ],
  Symbol(enzyme.__options__): Object {
    "adapter": ReactSixteenAdapter {
      "options": Object {
        "enableComponentDidUpdateOnSetState": true,
        "lifecycles": Object {
          "componentDidUpdate": Object {
            "onSetState": true,
          },
          "getDerivedStateFromProps": true,
          "getSnapshotBeforeUpdate": true,
          "setState": Object {
            "skipsComponentDidUpdateOnNullish": true,
          },
        },
      },
    },
    "attachTo": undefined,
    "hydrateIn": undefined,
  },
}
`;
