// Jest Snapshot v1, https://goo.gl/fbAQLP

exports[`renders content with correct props 1`] = `
ShallowWrapper {
  Symbol(enzyme.__root__): [Circular],
  Symbol(enzyme.__unrendered__): <MyMassagePanel
    disabled={true}
    getCallback={[Function]}
    massage={
        Object {
            "client": null,
            "date": 1970-01-01T00:00:00.000Z,
            "ending": 1970-01-01T00:00:01.000Z,
            "facility": Object {
              "id": 1,
              "name": "test",
            },
            "id": 1,
          }
    }
    type="default"
/>,
  Symbol(enzyme.__renderer__): Object {
    "batchedUpdates": [Function],
    "getNode": [Function],
    "render": [Function],
    "simulateEvent": [Function],
    "unmount": [Function],
  },
  Symbol(enzyme.__node__): Object {
    "instance": null,
    "key": undefined,
    "nodeType": "host",
    "props": Object {
      "children": Array [
        <Row
          tag="div"
>
          <Col
                    md="3"
                    tag="div"
                    widths={
                              Array [
                                        "xs",
                                        "sm",
                                        "md",
                                        "lg",
                                        "xl",
                                      ]
                    }
          >
                    <Card
                              color="default"
                              outline={true}
                              tag="div"
                    >
                              <CardHeader
                                        tag="div"
                              >
                                        Thu 01/01/1970
                                        <Button
                                                  aria-label="Close"
                                                  className="close"
                                                  color="light"
                                                  disabled={true}
                                                  onClick={[Function]}
                                                  tag="button"
                                        />
                              </CardHeader>
                              <CardBody
                                        tag="div"
                              >
                                        <CardText
                                                  tag="p"
                                        >
                                                  Budova: test
                                        </CardText>
                                        <CardText
                                                  tag="p"
                                        >
                                                  Masér/Masérka: undefined
                                        </CardText>
                                        <CardText
                                                  tag="p"
                                        >
                                                  Čas: 01:00–01:00
                                        </CardText>
                                        <CardText
                                                  tag="p"
                                        >
                                                  Událost: 
                                                  <CalendarButton
                                                            link=""
                                                  />
                                        </CardText>
                              </CardBody>
                    </Card>
          </Col>
</Row>,
        false,
      ],
      "className": "mb-3",
    },
    "ref": null,
    "rendered": Array [
      Object {
        "instance": null,
        "key": undefined,
        "nodeType": "function",
        "props": Object {
          "children": <Col
            md="3"
            tag="div"
            widths={
                        Array [
                                    "xs",
                                    "sm",
                                    "md",
                                    "lg",
                                    "xl",
                                  ]
            }
>
            <Card
                        color="default"
                        outline={true}
                        tag="div"
            >
                        <CardHeader
                                    tag="div"
                        >
                                    Thu 01/01/1970
                                    <Button
                                                aria-label="Close"
                                                className="close"
                                                color="light"
                                                disabled={true}
                                                onClick={[Function]}
                                                tag="button"
                                    />
                        </CardHeader>
                        <CardBody
                                    tag="div"
                        >
                                    <CardText
                                                tag="p"
                                    >
                                                Budova: test
                                    </CardText>
                                    <CardText
                                                tag="p"
                                    >
                                                Masér/Masérka: undefined
                                    </CardText>
                                    <CardText
                                                tag="p"
                                    >
                                                Čas: 01:00–01:00
                                    </CardText>
                                    <CardText
                                                tag="p"
                                    >
                                                Událost: 
                                                <CalendarButton
                                                            link=""
                                                />
                                    </CardText>
                        </CardBody>
            </Card>
</Col>,
          "tag": "div",
        },
        "ref": null,
        "rendered": Object {
          "instance": null,
          "key": undefined,
          "nodeType": "function",
          "props": Object {
            "children": <Card
              color="default"
              outline={true}
              tag="div"
>
              <CardHeader
                            tag="div"
              >
                            Thu 01/01/1970
                            <Button
                                          aria-label="Close"
                                          className="close"
                                          color="light"
                                          disabled={true}
                                          onClick={[Function]}
                                          tag="button"
                            />
              </CardHeader>
              <CardBody
                            tag="div"
              >
                            <CardText
                                          tag="p"
                            >
                                          Budova: test
                            </CardText>
                            <CardText
                                          tag="p"
                            >
                                          Masér/Masérka: undefined
                            </CardText>
                            <CardText
                                          tag="p"
                            >
                                          Čas: 01:00–01:00
                            </CardText>
                            <CardText
                                          tag="p"
                            >
                                          Událost: 
                                          <CalendarButton
                                                        link=""
                                          />
                            </CardText>
              </CardBody>
</Card>,
            "md": "3",
            "tag": "div",
            "widths": Array [
              "xs",
              "sm",
              "md",
              "lg",
              "xl",
            ],
          },
          "ref": null,
          "rendered": Object {
            "instance": null,
            "key": undefined,
            "nodeType": "function",
            "props": Object {
              "children": Array [
                <CardHeader
                  tag="div"
>
                  Thu 01/01/1970
                  <Button
                                    aria-label="Close"
                                    className="close"
                                    color="light"
                                    disabled={true}
                                    onClick={[Function]}
                                    tag="button"
                  />
</CardHeader>,
                <CardBody
                  tag="div"
>
                  <CardText
                                    tag="p"
                  >
                                    Budova: test
                  </CardText>
                  <CardText
                                    tag="p"
                  >
                                    Masér/Masérka: undefined
                  </CardText>
                  <CardText
                                    tag="p"
                  >
                                    Čas: 01:00–01:00
                  </CardText>
                  <CardText
                                    tag="p"
                  >
                                    Událost: 
                                    <CalendarButton
                                                      link=""
                                    />
                  </CardText>
</CardBody>,
              ],
              "color": "default",
              "outline": true,
              "tag": "div",
            },
            "ref": null,
            "rendered": Array [
              Object {
                "instance": null,
                "key": undefined,
                "nodeType": "function",
                "props": Object {
                  "children": Array [
                    "Thu 01/01/1970",
                    <Button
                      aria-label="Close"
                      className="close"
                      color="light"
                      disabled={true}
                      onClick={[Function]}
                      tag="button"
/>,
                  ],
                  "tag": "div",
                },
                "ref": null,
                "rendered": Array [
                  "Thu 01/01/1970",
                  Object {
                    "instance": null,
                    "key": undefined,
                    "nodeType": "class",
                    "props": Object {
                      "aria-label": "Close",
                      "children": false,
                      "className": "close",
                      "color": "light",
                      "disabled": true,
                      "onClick": [Function],
                      "tag": "button",
                    },
                    "ref": null,
                    "rendered": false,
                    "type": [Function],
                  },
                ],
                "type": [Function],
              },
              Object {
                "instance": null,
                "key": undefined,
                "nodeType": "function",
                "props": Object {
                  "children": Array [
                    <CardText
                      tag="p"
>
                      Budova: test
</CardText>,
                    <CardText
                      tag="p"
>
                      Masér/Masérka: undefined
</CardText>,
                    <CardText
                      tag="p"
>
                      Čas: 01:00–01:00
</CardText>,
                    <CardText
                      tag="p"
>
                      Událost: 
                      <CalendarButton
                                            link=""
                      />
</CardText>,
                  ],
                  "tag": "div",
                },
                "ref": null,
                "rendered": Array [
                  Object {
                    "instance": null,
                    "key": undefined,
                    "nodeType": "function",
                    "props": Object {
                      "children": "Budova: test",
                      "tag": "p",
                    },
                    "ref": null,
                    "rendered": "Budova: test",
                    "type": [Function],
                  },
                  Object {
                    "instance": null,
                    "key": undefined,
                    "nodeType": "function",
                    "props": Object {
                      "children": "Masér/Masérka: undefined",
                      "tag": "p",
                    },
                    "ref": null,
                    "rendered": "Masér/Masérka: undefined",
                    "type": [Function],
                  },
                  Object {
                    "instance": null,
                    "key": undefined,
                    "nodeType": "function",
                    "props": Object {
                      "children": "Čas: 01:00–01:00",
                      "tag": "p",
                    },
                    "ref": null,
                    "rendered": "Čas: 01:00–01:00",
                    "type": [Function],
                  },
                  Object {
                    "instance": null,
                    "key": undefined,
                    "nodeType": "function",
                    "props": Object {
                      "children": Array [
                        "Událost: ",
                        <CalendarButton
                          link=""
/>,
                      ],
                      "tag": "p",
                    },
                    "ref": null,
                    "rendered": Array [
                      "Událost: ",
                      Object {
                        "instance": null,
                        "key": undefined,
                        "nodeType": "class",
                        "props": Object {
                          "link": "",
                        },
                        "ref": null,
                        "rendered": null,
                        "type": [Function],
                      },
                    ],
                    "type": [Function],
                  },
                ],
                "type": [Function],
              },
            ],
            "type": [Function],
          },
          "type": [Function],
        },
        "type": [Function],
      },
      false,
    ],
    "type": "div",
  },
  Symbol(enzyme.__nodes__): Array [
    Object {
      "instance": null,
      "key": undefined,
      "nodeType": "host",
      "props": Object {
        "children": Array [
          <Row
            tag="div"
>
            <Col
                        md="3"
                        tag="div"
                        widths={
                                    Array [
                                                "xs",
                                                "sm",
                                                "md",
                                                "lg",
                                                "xl",
                                              ]
                        }
            >
                        <Card
                                    color="default"
                                    outline={true}
                                    tag="div"
                        >
                                    <CardHeader
                                                tag="div"
                                    >
                                                Thu 01/01/1970
                                                <Button
                                                            aria-label="Close"
                                                            className="close"
                                                            color="light"
                                                            disabled={true}
                                                            onClick={[Function]}
                                                            tag="button"
                                                />
                                    </CardHeader>
                                    <CardBody
                                                tag="div"
                                    >
                                                <CardText
                                                            tag="p"
                                                >
                                                            Budova: test
                                                </CardText>
                                                <CardText
                                                            tag="p"
                                                >
                                                            Masér/Masérka: undefined
                                                </CardText>
                                                <CardText
                                                            tag="p"
                                                >
                                                            Čas: 01:00–01:00
                                                </CardText>
                                                <CardText
                                                            tag="p"
                                                >
                                                            Událost: 
                                                            <CalendarButton
                                                                        link=""
                                                            />
                                                </CardText>
                                    </CardBody>
                        </Card>
            </Col>
</Row>,
          false,
        ],
        "className": "mb-3",
      },
      "ref": null,
      "rendered": Array [
        Object {
          "instance": null,
          "key": undefined,
          "nodeType": "function",
          "props": Object {
            "children": <Col
              md="3"
              tag="div"
              widths={
                            Array [
                                          "xs",
                                          "sm",
                                          "md",
                                          "lg",
                                          "xl",
                                        ]
              }
>
              <Card
                            color="default"
                            outline={true}
                            tag="div"
              >
                            <CardHeader
                                          tag="div"
                            >
                                          Thu 01/01/1970
                                          <Button
                                                        aria-label="Close"
                                                        className="close"
                                                        color="light"
                                                        disabled={true}
                                                        onClick={[Function]}
                                                        tag="button"
                                          />
                            </CardHeader>
                            <CardBody
                                          tag="div"
                            >
                                          <CardText
                                                        tag="p"
                                          >
                                                        Budova: test
                                          </CardText>
                                          <CardText
                                                        tag="p"
                                          >
                                                        Masér/Masérka: undefined
                                          </CardText>
                                          <CardText
                                                        tag="p"
                                          >
                                                        Čas: 01:00–01:00
                                          </CardText>
                                          <CardText
                                                        tag="p"
                                          >
                                                        Událost: 
                                                        <CalendarButton
                                                                      link=""
                                                        />
                                          </CardText>
                            </CardBody>
              </Card>
</Col>,
            "tag": "div",
          },
          "ref": null,
          "rendered": Object {
            "instance": null,
            "key": undefined,
            "nodeType": "function",
            "props": Object {
              "children": <Card
                color="default"
                outline={true}
                tag="div"
>
                <CardHeader
                                tag="div"
                >
                                Thu 01/01/1970
                                <Button
                                                aria-label="Close"
                                                className="close"
                                                color="light"
                                                disabled={true}
                                                onClick={[Function]}
                                                tag="button"
                                />
                </CardHeader>
                <CardBody
                                tag="div"
                >
                                <CardText
                                                tag="p"
                                >
                                                Budova: test
                                </CardText>
                                <CardText
                                                tag="p"
                                >
                                                Masér/Masérka: undefined
                                </CardText>
                                <CardText
                                                tag="p"
                                >
                                                Čas: 01:00–01:00
                                </CardText>
                                <CardText
                                                tag="p"
                                >
                                                Událost: 
                                                <CalendarButton
                                                                link=""
                                                />
                                </CardText>
                </CardBody>
</Card>,
              "md": "3",
              "tag": "div",
              "widths": Array [
                "xs",
                "sm",
                "md",
                "lg",
                "xl",
              ],
            },
            "ref": null,
            "rendered": Object {
              "instance": null,
              "key": undefined,
              "nodeType": "function",
              "props": Object {
                "children": Array [
                  <CardHeader
                    tag="div"
>
                    Thu 01/01/1970
                    <Button
                                        aria-label="Close"
                                        className="close"
                                        color="light"
                                        disabled={true}
                                        onClick={[Function]}
                                        tag="button"
                    />
</CardHeader>,
                  <CardBody
                    tag="div"
>
                    <CardText
                                        tag="p"
                    >
                                        Budova: test
                    </CardText>
                    <CardText
                                        tag="p"
                    >
                                        Masér/Masérka: undefined
                    </CardText>
                    <CardText
                                        tag="p"
                    >
                                        Čas: 01:00–01:00
                    </CardText>
                    <CardText
                                        tag="p"
                    >
                                        Událost: 
                                        <CalendarButton
                                                            link=""
                                        />
                    </CardText>
</CardBody>,
                ],
                "color": "default",
                "outline": true,
                "tag": "div",
              },
              "ref": null,
              "rendered": Array [
                Object {
                  "instance": null,
                  "key": undefined,
                  "nodeType": "function",
                  "props": Object {
                    "children": Array [
                      "Thu 01/01/1970",
                      <Button
                        aria-label="Close"
                        className="close"
                        color="light"
                        disabled={true}
                        onClick={[Function]}
                        tag="button"
/>,
                    ],
                    "tag": "div",
                  },
                  "ref": null,
                  "rendered": Array [
                    "Thu 01/01/1970",
                    Object {
                      "instance": null,
                      "key": undefined,
                      "nodeType": "class",
                      "props": Object {
                        "aria-label": "Close",
                        "children": false,
                        "className": "close",
                        "color": "light",
                        "disabled": true,
                        "onClick": [Function],
                        "tag": "button",
                      },
                      "ref": null,
                      "rendered": false,
                      "type": [Function],
                    },
                  ],
                  "type": [Function],
                },
                Object {
                  "instance": null,
                  "key": undefined,
                  "nodeType": "function",
                  "props": Object {
                    "children": Array [
                      <CardText
                        tag="p"
>
                        Budova: test
</CardText>,
                      <CardText
                        tag="p"
>
                        Masér/Masérka: undefined
</CardText>,
                      <CardText
                        tag="p"
>
                        Čas: 01:00–01:00
</CardText>,
                      <CardText
                        tag="p"
>
                        Událost: 
                        <CalendarButton
                                                link=""
                        />
</CardText>,
                    ],
                    "tag": "div",
                  },
                  "ref": null,
                  "rendered": Array [
                    Object {
                      "instance": null,
                      "key": undefined,
                      "nodeType": "function",
                      "props": Object {
                        "children": "Budova: test",
                        "tag": "p",
                      },
                      "ref": null,
                      "rendered": "Budova: test",
                      "type": [Function],
                    },
                    Object {
                      "instance": null,
                      "key": undefined,
                      "nodeType": "function",
                      "props": Object {
                        "children": "Masér/Masérka: undefined",
                        "tag": "p",
                      },
                      "ref": null,
                      "rendered": "Masér/Masérka: undefined",
                      "type": [Function],
                    },
                    Object {
                      "instance": null,
                      "key": undefined,
                      "nodeType": "function",
                      "props": Object {
                        "children": "Čas: 01:00–01:00",
                        "tag": "p",
                      },
                      "ref": null,
                      "rendered": "Čas: 01:00–01:00",
                      "type": [Function],
                    },
                    Object {
                      "instance": null,
                      "key": undefined,
                      "nodeType": "function",
                      "props": Object {
                        "children": Array [
                          "Událost: ",
                          <CalendarButton
                            link=""
/>,
                        ],
                        "tag": "p",
                      },
                      "ref": null,
                      "rendered": Array [
                        "Událost: ",
                        Object {
                          "instance": null,
                          "key": undefined,
                          "nodeType": "class",
                          "props": Object {
                            "link": "",
                          },
                          "ref": null,
                          "rendered": null,
                          "type": [Function],
                        },
                      ],
                      "type": [Function],
                    },
                  ],
                  "type": [Function],
                },
              ],
              "type": [Function],
            },
            "type": [Function],
          },
          "type": [Function],
        },
        false,
      ],
      "type": "div",
    },
  ],
  Symbol(enzyme.__options__): Object {
    "adapter": ReactSixteenAdapter {
      "options": Object {
        "enableComponentDidUpdateOnSetState": true,
        "lifecycles": Object {
          "componentDidUpdate": Object {
            "onSetState": true,
          },
          "getDerivedStateFromProps": true,
          "getSnapshotBeforeUpdate": true,
          "setState": Object {
            "skipsComponentDidUpdateOnNullish": true,
          },
        },
      },
    },
    "attachTo": undefined,
    "hydrateIn": undefined,
  },
}
`;
