// Jest Snapshot v1, https://goo.gl/fbAQLP

exports[`renders content with correct props 1`] = `
<span>
  <button
    className="btn btn-default"
    onClick={[Function]}
    title="PÅ™idat"
    type="button"
  >
    <span
      className="glyphicon glyphicon-plus"
    />
  </button>
</span>
`;
